<?xml version="1.0" encoding="ISO-8859-1" ?>
<link_info>
   <banner>TI ARM Linker PC v18.1.5.LTS</banner>
   <copyright>Copyright (c) 1996-2018 Texas Instruments Incorporated</copyright>
   <link_time>0x5d236318</link_time>
   <link_errors>0x0</link_errors>
   <output_file>CAN_TOKEN_RING.out</output_file>
   <entry_point>
      <name>_c_int00_noargs</name>
      <address>0x3aa1</address>
   </entry_point>
   <input_file_list>
      <input_file id="fl-2">
         <path>.\</path>
         <kind>object</kind>
         <file>main.obj</file>
         <name>main.obj</name>
      </input_file>
      <input_file id="fl-3">
         <path>.\</path>
         <kind>object</kind>
         <file>tm4c123gh6pm_startup_ccs.obj</file>
         <name>tm4c123gh6pm_startup_ccs.obj</name>
      </input_file>
      <input_file id="fl-4">
         <path>.\FreeRTOS\</path>
         <kind>object</kind>
         <file>croutine.obj</file>
         <name>croutine.obj</name>
      </input_file>
      <input_file id="fl-5">
         <path>.\FreeRTOS\</path>
         <kind>object</kind>
         <file>event_groups.obj</file>
         <name>event_groups.obj</name>
      </input_file>
      <input_file id="fl-6">
         <path>.\FreeRTOS\</path>
         <kind>object</kind>
         <file>heap_1.obj</file>
         <name>heap_1.obj</name>
      </input_file>
      <input_file id="fl-7">
         <path>.\FreeRTOS\</path>
         <kind>object</kind>
         <file>list.obj</file>
         <name>list.obj</name>
      </input_file>
      <input_file id="fl-8">
         <path>.\FreeRTOS\</path>
         <kind>object</kind>
         <file>port.obj</file>
         <name>port.obj</name>
      </input_file>
      <input_file id="fl-9">
         <path>.\FreeRTOS\</path>
         <kind>object</kind>
         <file>portasm.obj</file>
         <name>portasm.obj</name>
      </input_file>
      <input_file id="fl-a">
         <path>.\FreeRTOS\</path>
         <kind>object</kind>
         <file>queue.obj</file>
         <name>queue.obj</name>
      </input_file>
      <input_file id="fl-b">
         <path>.\FreeRTOS\</path>
         <kind>object</kind>
         <file>stream_buffer.obj</file>
         <name>stream_buffer.obj</name>
      </input_file>
      <input_file id="fl-c">
         <path>.\FreeRTOS\</path>
         <kind>object</kind>
         <file>tasks.obj</file>
         <name>tasks.obj</name>
      </input_file>
      <input_file id="fl-d">
         <path>.\FreeRTOS\</path>
         <kind>object</kind>
         <file>timers.obj</file>
         <name>timers.obj</name>
      </input_file>
      <input_file id="fl-e">
         <path>.\HAL\</path>
         <kind>object</kind>
         <file>CAN_ECUAL.obj</file>
         <name>CAN_ECUAL.obj</name>
      </input_file>
      <input_file id="fl-f">
         <path>.\HAL\</path>
         <kind>object</kind>
         <file>LED.obj</file>
         <name>LED.obj</name>
      </input_file>
      <input_file id="fl-10">
         <path>.\MCAL\</path>
         <kind>object</kind>
         <file>MCAL.obj</file>
         <name>MCAL.obj</name>
      </input_file>
      <input_file id="fl-15">
         <kind>object</kind>
         <file>&lt;internal&gt;</file>
         <name>&lt;internal&gt;</name>
      </input_file>
      <input_file id="fl-cb">
         <path>C:\ti\ccsv8\tools\compiler\ti-cgt-arm_18.1.5.LTS\lib\</path>
         <kind>archive</kind>
         <file>rtsv7M4_T_le_v4SPD16_eabi.lib</file>
         <name>memset_t2.asm.obj</name>
      </input_file>
      <input_file id="fl-cc">
         <path>C:\ti\ccsv8\tools\compiler\ti-cgt-arm_18.1.5.LTS\lib\</path>
         <kind>archive</kind>
         <file>rtsv7M4_T_le_v4SPD16_eabi.lib</file>
         <name>memcpy_t2.asm.obj</name>
      </input_file>
      <input_file id="fl-cd">
         <path>C:\ti\ccsv8\tools\compiler\ti-cgt-arm_18.1.5.LTS\lib\</path>
         <kind>archive</kind>
         <file>rtsv7M4_T_le_v4SPD16_eabi.lib</file>
         <name>copy_zero_init.c.obj</name>
      </input_file>
      <input_file id="fl-ce">
         <path>C:\ti\ccsv8\tools\compiler\ti-cgt-arm_18.1.5.LTS\lib\</path>
         <kind>archive</kind>
         <file>rtsv7M4_T_le_v4SPD16_eabi.lib</file>
         <name>copy_decompress_none.c.obj</name>
      </input_file>
      <input_file id="fl-cf">
         <path>C:\ti\ccsv8\tools\compiler\ti-cgt-arm_18.1.5.LTS\lib\</path>
         <kind>archive</kind>
         <file>rtsv7M4_T_le_v4SPD16_eabi.lib</file>
         <name>copy_decompress_lzss.c.obj</name>
      </input_file>
      <input_file id="fl-d0">
         <path>C:\ti\ccsv8\tools\compiler\ti-cgt-arm_18.1.5.LTS\lib\</path>
         <kind>archive</kind>
         <file>rtsv7M4_T_le_v4SPD16_eabi.lib</file>
         <name>boot_cortex_m.c.obj</name>
      </input_file>
      <input_file id="fl-d1">
         <path>C:\ti\ccsv8\tools\compiler\ti-cgt-arm_18.1.5.LTS\lib\</path>
         <kind>archive</kind>
         <file>rtsv7M4_T_le_v4SPD16_eabi.lib</file>
         <name>exit.c.obj</name>
      </input_file>
      <input_file id="fl-d2">
         <path>C:\ti\ccsv8\tools\compiler\ti-cgt-arm_18.1.5.LTS\lib\</path>
         <kind>archive</kind>
         <file>rtsv7M4_T_le_v4SPD16_eabi.lib</file>
         <name>_lock.c.obj</name>
      </input_file>
      <input_file id="fl-d3">
         <path>C:\ti\ccsv8\tools\compiler\ti-cgt-arm_18.1.5.LTS\lib\</path>
         <kind>archive</kind>
         <file>rtsv7M4_T_le_v4SPD16_eabi.lib</file>
         <name>args_main.c.obj</name>
      </input_file>
      <input_file id="fl-d4">
         <path>C:\ti\ccsv8\tools\compiler\ti-cgt-arm_18.1.5.LTS\lib\</path>
         <kind>archive</kind>
         <file>rtsv7M4_T_le_v4SPD16_eabi.lib</file>
         <name>autoinit.c.obj</name>
      </input_file>
      <input_file id="fl-d5">
         <path>C:\ti\ccsv8\tools\compiler\ti-cgt-arm_18.1.5.LTS\lib\</path>
         <kind>archive</kind>
         <file>rtsv7M4_T_le_v4SPD16_eabi.lib</file>
         <name>pre_init.c.obj</name>
      </input_file>
      <input_file id="fl-d6">
         <path>C:\ti\ccsv8\tools\compiler\ti-cgt-arm_18.1.5.LTS\lib\</path>
         <kind>archive</kind>
         <file>rtsv7M4_T_le_v4SPD16_eabi.lib</file>
         <name>cpy_tbl.c.obj</name>
      </input_file>
      <input_file id="fl-d7">
         <path>C:\ti\TivaWare_C_Series-2.1.4.178\driverlib\ccs\Debug\</path>
         <kind>archive</kind>
         <file>driverlib.lib</file>
         <name>can.obj</name>
      </input_file>
      <input_file id="fl-d8">
         <path>C:\ti\TivaWare_C_Series-2.1.4.178\driverlib\ccs\Debug\</path>
         <kind>archive</kind>
         <file>driverlib.lib</file>
         <name>gpio.obj</name>
      </input_file>
      <input_file id="fl-d9">
         <path>C:\ti\TivaWare_C_Series-2.1.4.178\driverlib\ccs\Debug\</path>
         <kind>archive</kind>
         <file>driverlib.lib</file>
         <name>interrupt.obj</name>
      </input_file>
      <input_file id="fl-da">
         <path>C:\ti\TivaWare_C_Series-2.1.4.178\driverlib\ccs\Debug\</path>
         <kind>archive</kind>
         <file>driverlib.lib</file>
         <name>sysctl.obj</name>
      </input_file>
      <input_file id="fl-db">
         <path>C:\ti\TivaWare_C_Series-2.1.4.178\driverlib\ccs\Debug\</path>
         <kind>archive</kind>
         <file>driverlib.lib</file>
         <name>cpu.obj</name>
      </input_file>
   </input_file_list>
   <object_component_list>
      <object_component id="oc-f">
         <name>.intvecs</name>
         <load_address>0x0</load_address>
         <run_address>0x0</run_address>
         <size>0x26c</size>
         <input_file_ref idref="fl-3"/>
      </object_component>
      <object_component id="oc-82">
         <name>.text</name>
         <load_address>0x26c</load_address>
         <run_address>0x26c</run_address>
         <size>0x1a7c</size>
         <input_file_ref idref="fl-c"/>
      </object_component>
      <object_component id="oc-1ec">
         <name>.text</name>
         <load_address>0x1ce8</load_address>
         <run_address>0x1ce8</run_address>
         <size>0xc94</size>
         <input_file_ref idref="fl-a"/>
      </object_component>
      <object_component id="oc-12e">
         <name>.text</name>
         <load_address>0x297c</load_address>
         <run_address>0x297c</run_address>
         <size>0x214</size>
         <input_file_ref idref="fl-2"/>
      </object_component>
      <object_component id="oc-2f">
         <name>.text</name>
         <load_address>0x2b90</load_address>
         <run_address>0x2b90</run_address>
         <size>0x1c4</size>
         <input_file_ref idref="fl-8"/>
      </object_component>
      <object_component id="oc-eb">
         <name>.text:CANMessageSet</name>
         <load_address>0x2d54</load_address>
         <run_address>0x2d54</run_address>
         <size>0x136</size>
         <input_file_ref idref="fl-d7"/>
      </object_component>
      <object_component id="oc-35">
         <name>.text</name>
         <load_address>0x2e8c</load_address>
         <run_address>0x2e8c</run_address>
         <size>0x134</size>
         <input_file_ref idref="fl-e"/>
      </object_component>
      <object_component id="oc-19d">
         <name>.text:GPIOPadConfigSet</name>
         <load_address>0x2fc0</load_address>
         <run_address>0x2fc0</run_address>
         <size>0x132</size>
         <input_file_ref idref="fl-d8"/>
      </object_component>
      <object_component id="oc-150">
         <name>.text</name>
         <load_address>0x30f2</load_address>
         <run_address>0x30f2</run_address>
         <size>0x132</size>
         <input_file_ref idref="fl-7"/>
      </object_component>
      <object_component id="oc-b5">
         <name>.text:SysCtlClockGet</name>
         <load_address>0x3224</load_address>
         <run_address>0x3224</run_address>
         <size>0x110</size>
         <input_file_ref idref="fl-da"/>
      </object_component>
      <object_component id="oc-f1">
         <name>.text:CANMessageGet</name>
         <load_address>0x3334</load_address>
         <run_address>0x3334</run_address>
         <size>0x10e</size>
         <input_file_ref idref="fl-d7"/>
      </object_component>
      <object_component id="oc-1f2">
         <name>.text:SysCtlClockSet</name>
         <load_address>0x3444</load_address>
         <run_address>0x3444</run_address>
         <size>0xf4</size>
         <input_file_ref idref="fl-da"/>
      </object_component>
      <object_component id="oc-2a">
         <name>.text</name>
         <load_address>0x3538</load_address>
         <run_address>0x3538</run_address>
         <size>0xda</size>
         <input_file_ref idref="fl-9"/>
      </object_component>
      <object_component id="oc-14a">
         <name>.text</name>
         <load_address>0x3614</load_address>
         <run_address>0x3614</run_address>
         <size>0x9c</size>
         <input_file_ref idref="fl-6"/>
      </object_component>
      <object_component id="oc-49">
         <name>.text</name>
         <load_address>0x36b0</load_address>
         <run_address>0x36b0</run_address>
         <size>0x9c</size>
         <input_file_ref idref="fl-cc"/>
      </object_component>
      <object_component id="oc-122">
         <name>.text</name>
         <load_address>0x374c</load_address>
         <run_address>0x374c</run_address>
         <size>0x7a</size>
         <input_file_ref idref="fl-cb"/>
      </object_component>
      <object_component id="oc-bb">
         <name>.text:CANBitRateSet</name>
         <load_address>0x37c8</load_address>
         <run_address>0x37c8</run_address>
         <size>0x6c</size>
         <input_file_ref idref="fl-d7"/>
      </object_component>
      <object_component id="oc-cd">
         <name>.text:IntEnable</name>
         <load_address>0x3834</load_address>
         <run_address>0x3834</run_address>
         <size>0x68</size>
         <input_file_ref idref="fl-d9"/>
      </object_component>
      <object_component id="oc-12">
         <name>.text:decompress:lzss:__TI_decompress_lzss</name>
         <load_address>0x389c</load_address>
         <run_address>0x389c</run_address>
         <size>0x68</size>
         <input_file_ref idref="fl-cf"/>
      </object_component>
      <object_component id="oc-1ae">
         <name>.text:_CANIntNumberGet</name>
         <load_address>0x3904</load_address>
         <run_address>0x3904</run_address>
         <size>0x5c</size>
         <input_file_ref idref="fl-d7"/>
      </object_component>
      <object_component id="oc-a3">
         <name>.text:GPIOPinConfigure</name>
         <load_address>0x3960</load_address>
         <run_address>0x3960</run_address>
         <size>0x48</size>
         <input_file_ref idref="fl-d8"/>
      </object_component>
      <object_component id="oc-219">
         <name>.text:__TI_auto_init_nobinit_nopinit:__TI_auto_init_nobinit_nopinit</name>
         <load_address>0x39a8</load_address>
         <run_address>0x39a8</run_address>
         <size>0x44</size>
         <input_file_ref idref="fl-d4"/>
      </object_component>
      <object_component id="oc-df">
         <name>.text:CANStatusGet</name>
         <load_address>0x39ec</load_address>
         <run_address>0x39ec</run_address>
         <size>0x40</size>
         <input_file_ref idref="fl-d7"/>
      </object_component>
      <object_component id="oc-af">
         <name>.text:CANInit</name>
         <load_address>0x3a2c</load_address>
         <run_address>0x3a2c</run_address>
         <size>0x3a</size>
         <input_file_ref idref="fl-d7"/>
      </object_component>
      <object_component id="oc-1f8">
         <name>.text:SysCtlPeripheralReady</name>
         <load_address>0x3a68</load_address>
         <run_address>0x3a68</run_address>
         <size>0x38</size>
         <input_file_ref idref="fl-da"/>
      </object_component>
      <object_component id="oc-67">
         <name>.text:_c_int00_noargs:_c_int00_noargs</name>
         <load_address>0x3aa0</load_address>
         <run_address>0x3aa0</run_address>
         <size>0x38</size>
         <input_file_ref idref="fl-d0"/>
      </object_component>
      <object_component id="oc-1b4">
         <name>.text:IntRegister</name>
         <load_address>0x3ad8</load_address>
         <run_address>0x3ad8</run_address>
         <size>0x34</size>
         <input_file_ref idref="fl-d9"/>
      </object_component>
      <object_component id="oc-9d">
         <name>.text:SysCtlPeripheralEnable</name>
         <load_address>0x3b0c</load_address>
         <run_address>0x3b0c</run_address>
         <size>0x34</size>
         <input_file_ref idref="fl-da"/>
      </object_component>
      <object_component id="oc-197">
         <name>.text:GPIODirModeSet</name>
         <load_address>0x3b40</load_address>
         <run_address>0x3b40</run_address>
         <size>0x2a</size>
         <input_file_ref idref="fl-d8"/>
      </object_component>
      <object_component id="oc-1d1">
         <name>.text:_CANDataRegRead</name>
         <load_address>0x3b6a</load_address>
         <run_address>0x3b6a</run_address>
         <size>0x2a</size>
         <input_file_ref idref="fl-d7"/>
      </object_component>
      <object_component id="oc-1ca">
         <name>.text:_CANDataRegWrite</name>
         <load_address>0x3b94</load_address>
         <run_address>0x3b94</run_address>
         <size>0x24</size>
         <input_file_ref idref="fl-d7"/>
      </object_component>
      <object_component id="oc-e5">
         <name>.text:CANIntClear</name>
         <load_address>0x3bb8</load_address>
         <run_address>0x3bb8</run_address>
         <size>0x22</size>
         <input_file_ref idref="fl-d7"/>
      </object_component>
      <object_component id="oc-d9">
         <name>.text:CANIntStatus</name>
         <load_address>0x3bda</load_address>
         <run_address>0x3bda</run_address>
         <size>0x20</size>
         <input_file_ref idref="fl-d7"/>
      </object_component>
      <object_component id="oc-204">
         <name>.text</name>
         <load_address>0x3bfc</load_address>
         <run_address>0x3bfc</run_address>
         <size>0x20</size>
         <input_file_ref idref="fl-f"/>
      </object_component>
      <object_component id="oc-1fe">
         <name>.text</name>
         <load_address>0x3c1c</load_address>
         <run_address>0x3c1c</run_address>
         <size>0x1c</size>
         <input_file_ref idref="fl-10"/>
      </object_component>
      <object_component id="oc-c1">
         <name>.text:CANIntRegister</name>
         <load_address>0x3c38</load_address>
         <run_address>0x3c38</run_address>
         <size>0x18</size>
         <input_file_ref idref="fl-d7"/>
      </object_component>
      <object_component id="oc-2af">
         <name>.text:GPIOPinTypeGPIOOutput</name>
         <load_address>0x3c50</load_address>
         <run_address>0x3c50</run_address>
         <size>0x18</size>
         <input_file_ref idref="fl-d8"/>
      </object_component>
      <object_component id="oc-a9">
         <name>.text:GPIOPinTypeCAN</name>
         <load_address>0x3c68</load_address>
         <run_address>0x3c68</run_address>
         <size>0x12</size>
         <input_file_ref idref="fl-d8"/>
      </object_component>
      <object_component id="oc-18">
         <name>.text:decompress:none:__TI_decompress_none</name>
         <load_address>0x3c7a</load_address>
         <run_address>0x3c7a</run_address>
         <size>0xe</size>
         <input_file_ref idref="fl-ce"/>
      </object_component>
      <object_component id="oc-5b">
         <name>.text:decompress:ZI:__TI_zero_init</name>
         <load_address>0x3c88</load_address>
         <run_address>0x3c88</run_address>
         <size>0xc</size>
         <input_file_ref idref="fl-cd"/>
      </object_component>
      <object_component id="oc-24">
         <name>.text</name>
         <load_address>0x3c94</load_address>
         <run_address>0x3c94</run_address>
         <size>0xc</size>
         <input_file_ref idref="fl-3"/>
      </object_component>
      <object_component id="oc-d3">
         <name>.text:CANEnable</name>
         <load_address>0x3ca0</load_address>
         <run_address>0x3ca0</run_address>
         <size>0xa</size>
         <input_file_ref idref="fl-d7"/>
      </object_component>
      <object_component id="oc-c7">
         <name>.text:CANIntEnable</name>
         <load_address>0x3caa</load_address>
         <run_address>0x3caa</run_address>
         <size>0x8</size>
         <input_file_ref idref="fl-d7"/>
      </object_component>
      <object_component id="oc-2b6">
         <name>.text:GPIOPinWrite</name>
         <load_address>0x3cb2</load_address>
         <run_address>0x3cb2</run_address>
         <size>0x6</size>
         <input_file_ref idref="fl-d8"/>
      </object_component>
      <object_component id="oc-2ac">
         <name>.text:SysCtlDelay</name>
         <load_address>0x3cb8</load_address>
         <run_address>0x3cb8</run_address>
         <size>0x6</size>
         <input_file_ref idref="fl-da"/>
      </object_component>
      <object_component id="oc-128">
         <name>.text:_system_pre_init</name>
         <load_address>0x3cbe</load_address>
         <run_address>0x3cbe</run_address>
         <size>0x4</size>
         <input_file_ref idref="fl-d5"/>
      </object_component>
      <object_component id="oc-20d">
         <name>.text:abort:abort</name>
         <load_address>0x3cc2</load_address>
         <run_address>0x3cc2</run_address>
         <size>0x4</size>
         <input_file_ref idref="fl-d1"/>
      </object_component>
      <object_component id="oc-192">
         <name>.const:g_pui32GPIOBaseAddrs</name>
         <load_address>0x3cc8</load_address>
         <run_address>0x3cc8</run_address>
         <size>0x90</size>
         <input_file_ref idref="fl-d8"/>
      </object_component>
      <object_component id="oc-1bc">
         <name>.const</name>
         <load_address>0x3d58</load_address>
         <run_address>0x3d58</run_address>
         <size>0x70</size>
         <input_file_ref idref="fl-d9"/>
      </object_component>
      <object_component id="oc-1a6">
         <name>.const:g_pui32Xtals</name>
         <load_address>0x3dc8</load_address>
         <run_address>0x3dc8</run_address>
         <size>0x6c</size>
         <input_file_ref idref="fl-da"/>
      </object_component>
      <object_component id="oc-1aa">
         <name>.const</name>
         <load_address>0x3e34</load_address>
         <run_address>0x3e34</run_address>
         <size>0x20</size>
         <input_file_ref idref="fl-d7"/>
      </object_component>
      <object_component id="oc-7f">
         <name>.const</name>
         <load_address>0x3e54</load_address>
         <run_address>0x3e54</run_address>
         <size>0x8</size>
         <input_file_ref idref="fl-8"/>
      </object_component>
      <object_component id="oc-357">
         <name>.cinit..data.load</name>
         <load_address>0x3e60</load_address>
         <run_address>0x3e60</run_address>
         <size>0x17</size>
      </object_component>
      <object_component id="oc-354">
         <name>__TI_handler_table</name>
         <load_address>0x3e78</load_address>
         <run_address>0x3e78</run_address>
         <size>0xc</size>
      </object_component>
      <object_component id="oc-358">
         <name>.cinit..bss.load</name>
         <load_address>0x3e88</load_address>
         <run_address>0x3e88</run_address>
         <size>0x8</size>
      </object_component>
      <object_component id="oc-356">
         <name>.cinit..vtable.load</name>
         <load_address>0x3e90</load_address>
         <run_address>0x3e90</run_address>
         <size>0x8</size>
      </object_component>
      <object_component id="oc-355">
         <name>__TI_cinit_table</name>
         <load_address>0x3e98</load_address>
         <run_address>0x3e98</run_address>
         <size>0x18</size>
      </object_component>
      <object_component id="oc-299">
         <name>.vtable</name>
         <uninitialized>true</uninitialized>
         <run_address>0x20000000</run_address>
         <size>0x26c</size>
         <input_file_ref idref="fl-d9"/>
      </object_component>
      <object_component id="oc-261">
         <name>.data</name>
         <load_address>0x200053f8</load_address>
         <run_address>0x200053f8</run_address>
         <size>0x8</size>
         <input_file_ref idref="fl-6"/>
      </object_component>
      <object_component id="oc-89">
         <name>.data</name>
         <load_address>0x200053ec</load_address>
         <run_address>0x200053ec</run_address>
         <size>0xc</size>
         <input_file_ref idref="fl-8"/>
      </object_component>
      <object_component id="oc-7c">
         <name>.data</name>
         <load_address>0x200053b8</load_address>
         <run_address>0x200053b8</run_address>
         <size>0x34</size>
         <input_file_ref idref="fl-c"/>
      </object_component>
      <object_component id="oc-f7">
         <name>.data</name>
         <load_address>0x20005400</load_address>
         <run_address>0x20005400</run_address>
         <size>0x2</size>
         <input_file_ref idref="fl-e"/>
      </object_component>
      <object_component id="oc-264">
         <name>.bss:ucHeap</name>
         <uninitialized>true</uninitialized>
         <run_address>0x2000026c</run_address>
         <size>0x4e20</size>
         <input_file_ref idref="fl-6"/>
      </object_component>
      <object_component id="oc-156">
         <name>.bss:pxReadyTasksLists</name>
         <uninitialized>true</uninitialized>
         <run_address>0x2000508c</run_address>
         <size>0x64</size>
         <input_file_ref idref="fl-c"/>
      </object_component>
      <object_component id="oc-165">
         <name>.bss:xDelayedTaskList1</name>
         <uninitialized>true</uninitialized>
         <run_address>0x20005140</run_address>
         <size>0x14</size>
         <input_file_ref idref="fl-c"/>
      </object_component>
      <object_component id="oc-168">
         <name>.bss:xDelayedTaskList2</name>
         <uninitialized>true</uninitialized>
         <run_address>0x20005154</run_address>
         <size>0x14</size>
         <input_file_ref idref="fl-c"/>
      </object_component>
      <object_component id="oc-15c">
         <name>.bss</name>
         <uninitialized>true</uninitialized>
         <run_address>0x200051a4</run_address>
         <size>0x8</size>
         <input_file_ref idref="fl-c"/>
      </object_component>
      <object_component id="oc-162">
         <name>.bss:xPendingReadyList</name>
         <uninitialized>true</uninitialized>
         <run_address>0x20005168</run_address>
         <size>0x14</size>
         <input_file_ref idref="fl-c"/>
      </object_component>
      <object_component id="oc-159">
         <name>.bss:xTasksWaitingTermination</name>
         <uninitialized>true</uninitialized>
         <run_address>0x20005190</run_address>
         <size>0x14</size>
         <input_file_ref idref="fl-c"/>
      </object_component>
      <object_component id="oc-15f">
         <name>.bss:xSuspendedTaskList</name>
         <uninitialized>true</uninitialized>
         <run_address>0x2000517c</run_address>
         <size>0x14</size>
         <input_file_ref idref="fl-c"/>
      </object_component>
      <object_component id="oc-20a">
         <name>.common:xSemaphore_ready_to_send</name>
         <uninitialized>true</uninitialized>
         <run_address>0x200051b0</run_address>
         <size>0x4</size>
      </object_component>
      <object_component id="oc-20b">
         <name>.common:xSemaphore_Receive</name>
         <uninitialized>true</uninitialized>
         <run_address>0x200051ac</run_address>
         <size>0x4</size>
      </object_component>
      <object_component id="oc-2a3">
         <name>.common:xQueueRegistry</name>
         <uninitialized>true</uninitialized>
         <run_address>0x200050f0</run_address>
         <size>0x50</size>
      </object_component>
      <object_component id="oc-21">
         <name>.stack</name>
         <uninitialized>true</uninitialized>
         <run_address>0x200051b8</run_address>
         <size>0x4</size>
         <input_file_ref idref="fl-d0"/>
      </object_component>
      <object_component id="oc-359">
         <name>.stack</name>
         <uninitialized>true</uninitialized>
         <run_address>0x200051b8</run_address>
         <size>0x0</size>
      </object_component>
      <object_component id="oc-184">
         <name>.debug_info</name>
         <load_address>0x0</load_address>
         <run_address>0x0</run_address>
         <size>0x850</size>
         <input_file_ref idref="fl-2"/>
      </object_component>
      <object_component id="oc-12f">
         <name>.debug_info</name>
         <load_address>0x850</load_address>
         <run_address>0x850</run_address>
         <size>0x64c</size>
         <input_file_ref idref="fl-2"/>
      </object_component>
      <object_component id="oc-175">
         <name>.debug_info</name>
         <load_address>0xe9c</load_address>
         <run_address>0xe9c</run_address>
         <size>0x315</size>
         <input_file_ref idref="fl-2"/>
      </object_component>
      <object_component id="oc-101">
         <name>.debug_info</name>
         <load_address>0x11b1</load_address>
         <run_address>0x11b1</run_address>
         <size>0x1b3</size>
         <input_file_ref idref="fl-2"/>
      </object_component>
      <object_component id="oc-108">
         <name>.debug_info</name>
         <load_address>0x1364</load_address>
         <run_address>0x1364</run_address>
         <size>0x26b</size>
         <input_file_ref idref="fl-2"/>
      </object_component>
      <object_component id="oc-17f">
         <name>.debug_info</name>
         <load_address>0x15cf</load_address>
         <run_address>0x15cf</run_address>
         <size>0x476</size>
         <input_file_ref idref="fl-2"/>
      </object_component>
      <object_component id="oc-27b">
         <name>.debug_info</name>
         <load_address>0x1a45</load_address>
         <run_address>0x1a45</run_address>
         <size>0x4f</size>
         <input_file_ref idref="fl-2"/>
      </object_component>
      <object_component id="oc-280">
         <name>.debug_info</name>
         <load_address>0x1a94</load_address>
         <run_address>0x1a94</run_address>
         <size>0x2c</size>
         <input_file_ref idref="fl-2"/>
      </object_component>
      <object_component id="oc-fb">
         <name>.debug_info</name>
         <load_address>0x1ac0</load_address>
         <run_address>0x1ac0</run_address>
         <size>0x8b</size>
         <input_file_ref idref="fl-2"/>
      </object_component>
      <object_component id="oc-8e">
         <name>.debug_info</name>
         <load_address>0x1b4b</load_address>
         <run_address>0x1b4b</run_address>
         <size>0x2c</size>
         <input_file_ref idref="fl-2"/>
      </object_component>
      <object_component id="oc-186">
         <name>.debug_info</name>
         <load_address>0x1b77</load_address>
         <run_address>0x1b77</run_address>
         <size>0x297</size>
         <input_file_ref idref="fl-2"/>
      </object_component>
      <object_component id="oc-98">
         <name>.debug_info</name>
         <load_address>0x1e0e</load_address>
         <run_address>0x1e0e</run_address>
         <size>0xbb</size>
         <input_file_ref idref="fl-2"/>
      </object_component>
      <object_component id="oc-93">
         <name>.debug_info</name>
         <load_address>0x1ec9</load_address>
         <run_address>0x1ec9</run_address>
         <size>0x53</size>
         <input_file_ref idref="fl-2"/>
      </object_component>
      <object_component id="oc-170">
         <name>.debug_info</name>
         <load_address>0x1f1c</load_address>
         <run_address>0x1f1c</run_address>
         <size>0x53</size>
         <input_file_ref idref="fl-2"/>
      </object_component>
      <object_component id="oc-17a">
         <name>.debug_info</name>
         <load_address>0x1f6f</load_address>
         <run_address>0x1f6f</run_address>
         <size>0x14c</size>
         <input_file_ref idref="fl-2"/>
      </object_component>
      <object_component id="oc-3d">
         <name>.debug_info</name>
         <load_address>0x20bb</load_address>
         <run_address>0x20bb</run_address>
         <size>0x352</size>
         <input_file_ref idref="fl-3"/>
      </object_component>
      <object_component id="oc-10">
         <name>.debug_info</name>
         <load_address>0x240d</load_address>
         <run_address>0x240d</run_address>
         <size>0xef</size>
         <input_file_ref idref="fl-3"/>
      </object_component>
      <object_component id="oc-25">
         <name>.debug_info</name>
         <load_address>0x24fc</load_address>
         <run_address>0x24fc</run_address>
         <size>0x26b</size>
         <input_file_ref idref="fl-3"/>
      </object_component>
      <object_component id="oc-44">
         <name>.debug_info</name>
         <load_address>0x2767</load_address>
         <run_address>0x2767</run_address>
         <size>0x84</size>
         <input_file_ref idref="fl-3"/>
      </object_component>
      <object_component id="oc-2dd">
         <name>.debug_info</name>
         <load_address>0x27eb</load_address>
         <run_address>0x27eb</run_address>
         <size>0x633</size>
         <input_file_ref idref="fl-5"/>
      </object_component>
      <object_component id="oc-252">
         <name>.debug_info</name>
         <load_address>0x2e1e</load_address>
         <run_address>0x2e1e</run_address>
         <size>0x110</size>
         <input_file_ref idref="fl-5"/>
      </object_component>
      <object_component id="oc-25c">
         <name>.debug_info</name>
         <load_address>0x2f2e</load_address>
         <run_address>0x2f2e</run_address>
         <size>0x476</size>
         <input_file_ref idref="fl-5"/>
      </object_component>
      <object_component id="oc-314">
         <name>.debug_info</name>
         <load_address>0x33a4</load_address>
         <run_address>0x33a4</run_address>
         <size>0x76</size>
         <input_file_ref idref="fl-5"/>
      </object_component>
      <object_component id="oc-319">
         <name>.debug_info</name>
         <load_address>0x341a</load_address>
         <run_address>0x341a</run_address>
         <size>0x39</size>
         <input_file_ref idref="fl-5"/>
      </object_component>
      <object_component id="oc-24d">
         <name>.debug_info</name>
         <load_address>0x3453</load_address>
         <run_address>0x3453</run_address>
         <size>0x4f</size>
         <input_file_ref idref="fl-5"/>
      </object_component>
      <object_component id="oc-268">
         <name>.debug_info</name>
         <load_address>0x34a2</load_address>
         <run_address>0x34a2</run_address>
         <size>0x3f2</size>
         <input_file_ref idref="fl-6"/>
      </object_component>
      <object_component id="oc-265">
         <name>.debug_info</name>
         <load_address>0x3894</load_address>
         <run_address>0x3894</run_address>
         <size>0xd9</size>
         <input_file_ref idref="fl-6"/>
      </object_component>
      <object_component id="oc-262">
         <name>.debug_info</name>
         <load_address>0x396d</load_address>
         <run_address>0x396d</run_address>
         <size>0xe7</size>
         <input_file_ref idref="fl-6"/>
      </object_component>
      <object_component id="oc-14b">
         <name>.debug_info</name>
         <load_address>0x3a54</load_address>
         <run_address>0x3a54</run_address>
         <size>0x337</size>
         <input_file_ref idref="fl-6"/>
      </object_component>
      <object_component id="oc-26a">
         <name>.debug_info</name>
         <load_address>0x3d8b</load_address>
         <run_address>0x3d8b</run_address>
         <size>0x365</size>
         <input_file_ref idref="fl-7"/>
      </object_component>
      <object_component id="oc-151">
         <name>.debug_info</name>
         <load_address>0x40f0</load_address>
         <run_address>0x40f0</run_address>
         <size>0x4ab</size>
         <input_file_ref idref="fl-7"/>
      </object_component>
      <object_component id="oc-8d">
         <name>.debug_info</name>
         <load_address>0x459b</load_address>
         <run_address>0x459b</run_address>
         <size>0x43b</size>
         <input_file_ref idref="fl-8"/>
      </object_component>
      <object_component id="oc-80">
         <name>.debug_info</name>
         <load_address>0x49d6</load_address>
         <run_address>0x49d6</run_address>
         <size>0x14e</size>
         <input_file_ref idref="fl-8"/>
      </object_component>
      <object_component id="oc-8a">
         <name>.debug_info</name>
         <load_address>0x4b24</load_address>
         <run_address>0x4b24</run_address>
         <size>0x159</size>
         <input_file_ref idref="fl-8"/>
      </object_component>
      <object_component id="oc-30">
         <name>.debug_info</name>
         <load_address>0x4c7d</load_address>
         <run_address>0x4c7d</run_address>
         <size>0x6db</size>
         <input_file_ref idref="fl-8"/>
      </object_component>
      <object_component id="oc-2b">
         <name>.debug_info</name>
         <load_address>0x5358</load_address>
         <run_address>0x5358</run_address>
         <size>0x23e</size>
         <input_file_ref idref="fl-9"/>
      </object_component>
      <object_component id="oc-2a4">
         <name>.debug_info</name>
         <load_address>0x5596</load_address>
         <run_address>0x5596</run_address>
         <size>0x877</size>
         <input_file_ref idref="fl-a"/>
      </object_component>
      <object_component id="oc-1ed">
         <name>.debug_info</name>
         <load_address>0x5e0d</load_address>
         <run_address>0x5e0d</run_address>
         <size>0x3500</size>
         <input_file_ref idref="fl-a"/>
      </object_component>
      <object_component id="oc-2ea">
         <name>.debug_info</name>
         <load_address>0x930d</load_address>
         <run_address>0x930d</run_address>
         <size>0x23f</size>
         <input_file_ref idref="fl-a"/>
      </object_component>
      <object_component id="oc-2a7">
         <name>.debug_info</name>
         <load_address>0x954c</load_address>
         <run_address>0x954c</run_address>
         <size>0x46</size>
         <input_file_ref idref="fl-a"/>
      </object_component>
      <object_component id="oc-1e3">
         <name>.debug_info</name>
         <load_address>0x9592</load_address>
         <run_address>0x9592</run_address>
         <size>0x2c</size>
         <input_file_ref idref="fl-b"/>
      </object_component>
      <object_component id="oc-142">
         <name>.debug_info</name>
         <load_address>0x95be</load_address>
         <run_address>0x95be</run_address>
         <size>0x77a</size>
         <input_file_ref idref="fl-c"/>
      </object_component>
      <object_component id="oc-7d">
         <name>.debug_info</name>
         <load_address>0x9d38</load_address>
         <run_address>0x9d38</run_address>
         <size>0x348</size>
         <input_file_ref idref="fl-c"/>
      </object_component>
      <object_component id="oc-157">
         <name>.debug_info</name>
         <load_address>0xa080</load_address>
         <run_address>0xa080</run_address>
         <size>0xef</size>
         <input_file_ref idref="fl-c"/>
      </object_component>
      <object_component id="oc-166">
         <name>.debug_info</name>
         <load_address>0xa16f</load_address>
         <run_address>0xa16f</run_address>
         <size>0xef</size>
         <input_file_ref idref="fl-c"/>
      </object_component>
      <object_component id="oc-169">
         <name>.debug_info</name>
         <load_address>0xa25e</load_address>
         <run_address>0xa25e</run_address>
         <size>0xef</size>
         <input_file_ref idref="fl-c"/>
      </object_component>
      <object_component id="oc-15d">
         <name>.debug_info</name>
         <load_address>0xa34d</load_address>
         <run_address>0xa34d</run_address>
         <size>0x132</size>
         <input_file_ref idref="fl-c"/>
      </object_component>
      <object_component id="oc-163">
         <name>.debug_info</name>
         <load_address>0xa47f</load_address>
         <run_address>0xa47f</run_address>
         <size>0xef</size>
         <input_file_ref idref="fl-c"/>
      </object_component>
      <object_component id="oc-15a">
         <name>.debug_info</name>
         <load_address>0xa56e</load_address>
         <run_address>0xa56e</run_address>
         <size>0xfd</size>
         <input_file_ref idref="fl-c"/>
      </object_component>
      <object_component id="oc-160">
         <name>.debug_info</name>
         <load_address>0xa66b</load_address>
         <run_address>0xa66b</run_address>
         <size>0xf1</size>
         <input_file_ref idref="fl-c"/>
      </object_component>
      <object_component id="oc-83">
         <name>.debug_info</name>
         <load_address>0xa75c</load_address>
         <run_address>0xa75c</run_address>
         <size>0x4fc8</size>
         <input_file_ref idref="fl-c"/>
      </object_component>
      <object_component id="oc-143">
         <name>.debug_info</name>
         <load_address>0xf724</load_address>
         <run_address>0xf724</run_address>
         <size>0x30c</size>
         <input_file_ref idref="fl-c"/>
      </object_component>
      <object_component id="oc-257">
         <name>.debug_info</name>
         <load_address>0xfa30</load_address>
         <run_address>0xfa30</run_address>
         <size>0x159</size>
         <input_file_ref idref="fl-c"/>
      </object_component>
      <object_component id="oc-100">
         <name>.debug_info</name>
         <load_address>0xfb89</load_address>
         <run_address>0xfb89</run_address>
         <size>0x572</size>
         <input_file_ref idref="fl-e"/>
      </object_component>
      <object_component id="oc-f8">
         <name>.debug_info</name>
         <load_address>0x100fb</load_address>
         <run_address>0x100fb</run_address>
         <size>0xf7</size>
         <input_file_ref idref="fl-e"/>
      </object_component>
      <object_component id="oc-36">
         <name>.debug_info</name>
         <load_address>0x101f2</load_address>
         <run_address>0x101f2</run_address>
         <size>0x554</size>
         <input_file_ref idref="fl-e"/>
      </object_component>
      <object_component id="oc-205">
         <name>.debug_info</name>
         <load_address>0x10746</load_address>
         <run_address>0x10746</run_address>
         <size>0x16f</size>
         <input_file_ref idref="fl-f"/>
      </object_component>
      <object_component id="oc-1ff">
         <name>.debug_info</name>
         <load_address>0x108b5</load_address>
         <run_address>0x108b5</run_address>
         <size>0x13d</size>
         <input_file_ref idref="fl-10"/>
      </object_component>
      <object_component id="oc-123">
         <name>.debug_info</name>
         <load_address>0x109f2</load_address>
         <run_address>0x109f2</run_address>
         <size>0x14a</size>
         <input_file_ref idref="fl-cb"/>
      </object_component>
      <object_component id="oc-4a">
         <name>.debug_info</name>
         <load_address>0x10b3c</load_address>
         <run_address>0x10b3c</run_address>
         <size>0x11c</size>
         <input_file_ref idref="fl-cc"/>
      </object_component>
      <object_component id="oc-121">
         <name>.debug_info</name>
         <load_address>0x10c58</load_address>
         <run_address>0x10c58</run_address>
         <size>0x31e</size>
         <input_file_ref idref="fl-cd"/>
      </object_component>
      <object_component id="oc-5c">
         <name>.debug_info</name>
         <load_address>0x10f76</load_address>
         <run_address>0x10f76</run_address>
         <size>0x1b5</size>
         <input_file_ref idref="fl-cd"/>
      </object_component>
      <object_component id="oc-11c">
         <name>.debug_info</name>
         <load_address>0x1112b</load_address>
         <run_address>0x1112b</run_address>
         <size>0x46</size>
         <input_file_ref idref="fl-cd"/>
      </object_component>
      <object_component id="oc-54">
         <name>.debug_info</name>
         <load_address>0x11171</load_address>
         <run_address>0x11171</run_address>
         <size>0x2a8</size>
         <input_file_ref idref="fl-ce"/>
      </object_component>
      <object_component id="oc-19">
         <name>.debug_info</name>
         <load_address>0x11419</load_address>
         <run_address>0x11419</run_address>
         <size>0x1ea</size>
         <input_file_ref idref="fl-ce"/>
      </object_component>
      <object_component id="oc-4f">
         <name>.debug_info</name>
         <load_address>0x11603</load_address>
         <run_address>0x11603</run_address>
         <size>0x46</size>
         <input_file_ref idref="fl-ce"/>
      </object_component>
      <object_component id="oc-114">
         <name>.debug_info</name>
         <load_address>0x11649</load_address>
         <run_address>0x11649</run_address>
         <size>0x2c</size>
         <input_file_ref idref="fl-ce"/>
      </object_component>
      <object_component id="oc-112">
         <name>.debug_info</name>
         <load_address>0x11675</load_address>
         <run_address>0x11675</run_address>
         <size>0x29e</size>
         <input_file_ref idref="fl-cf"/>
      </object_component>
      <object_component id="oc-13">
         <name>.debug_info</name>
         <load_address>0x11913</load_address>
         <run_address>0x11913</run_address>
         <size>0x250</size>
         <input_file_ref idref="fl-cf"/>
      </object_component>
      <object_component id="oc-3f">
         <name>.debug_info</name>
         <load_address>0x11b63</load_address>
         <run_address>0x11b63</run_address>
         <size>0x60</size>
         <input_file_ref idref="fl-cf"/>
      </object_component>
      <object_component id="oc-1dc">
         <name>.debug_info</name>
         <load_address>0x11bc3</load_address>
         <run_address>0x11bc3</run_address>
         <size>0x46</size>
         <input_file_ref idref="fl-cf"/>
      </object_component>
      <object_component id="oc-10d">
         <name>.debug_info</name>
         <load_address>0x11c09</load_address>
         <run_address>0x11c09</run_address>
         <size>0x39</size>
         <input_file_ref idref="fl-cf"/>
      </object_component>
      <object_component id="oc-22">
         <name>.debug_info</name>
         <load_address>0x11c42</load_address>
         <run_address>0x11c42</run_address>
         <size>0x10b</size>
         <input_file_ref idref="fl-d0"/>
      </object_component>
      <object_component id="oc-68">
         <name>.debug_info</name>
         <load_address>0x11d4d</load_address>
         <run_address>0x11d4d</run_address>
         <size>0x1af</size>
         <input_file_ref idref="fl-d0"/>
      </object_component>
      <object_component id="oc-210">
         <name>.debug_info</name>
         <load_address>0x11efc</load_address>
         <run_address>0x11efc</run_address>
         <size>0x122</size>
         <input_file_ref idref="fl-d1"/>
      </object_component>
      <object_component id="oc-2c8">
         <name>.debug_info</name>
         <load_address>0x1201e</load_address>
         <run_address>0x1201e</run_address>
         <size>0x552</size>
         <input_file_ref idref="fl-d4"/>
      </object_component>
      <object_component id="oc-21b">
         <name>.debug_info</name>
         <load_address>0x12570</load_address>
         <run_address>0x12570</run_address>
         <size>0x1a6</size>
         <input_file_ref idref="fl-d4"/>
      </object_component>
      <object_component id="oc-301">
         <name>.debug_info</name>
         <load_address>0x12716</load_address>
         <run_address>0x12716</run_address>
         <size>0x39</size>
         <input_file_ref idref="fl-d4"/>
      </object_component>
      <object_component id="oc-321">
         <name>.debug_info</name>
         <load_address>0x1274f</load_address>
         <run_address>0x1274f</run_address>
         <size>0x39</size>
         <input_file_ref idref="fl-d4"/>
      </object_component>
      <object_component id="oc-306">
         <name>.debug_info</name>
         <load_address>0x12788</load_address>
         <run_address>0x12788</run_address>
         <size>0x39</size>
         <input_file_ref idref="fl-d4"/>
      </object_component>
      <object_component id="oc-30b">
         <name>.debug_info</name>
         <load_address>0x127c1</load_address>
         <run_address>0x127c1</run_address>
         <size>0xcd</size>
         <input_file_ref idref="fl-d4"/>
      </object_component>
      <object_component id="oc-12c">
         <name>.debug_info</name>
         <load_address>0x1288e</load_address>
         <run_address>0x1288e</run_address>
         <size>0x153</size>
         <input_file_ref idref="fl-d5"/>
      </object_component>
      <object_component id="oc-1a5">
         <name>.debug_info</name>
         <load_address>0x129e1</load_address>
         <run_address>0x129e1</run_address>
         <size>0x227</size>
         <input_file_ref idref="fl-d7"/>
      </object_component>
      <object_component id="oc-1ab">
         <name>.debug_info</name>
         <load_address>0x12c08</load_address>
         <run_address>0x12c08</run_address>
         <size>0x156</size>
         <input_file_ref idref="fl-d7"/>
      </object_component>
      <object_component id="oc-e3">
         <name>.debug_info</name>
         <load_address>0x12d5e</load_address>
         <run_address>0x12d5e</run_address>
         <size>0x286</size>
         <input_file_ref idref="fl-d7"/>
      </object_component>
      <object_component id="oc-1ce">
         <name>.debug_info</name>
         <load_address>0x12fe4</load_address>
         <run_address>0x12fe4</run_address>
         <size>0x2dd</size>
         <input_file_ref idref="fl-d7"/>
      </object_component>
      <object_component id="oc-ed">
         <name>.debug_info</name>
         <load_address>0x132c1</load_address>
         <run_address>0x132c1</run_address>
         <size>0x413</size>
         <input_file_ref idref="fl-d7"/>
      </object_component>
      <object_component id="oc-1d3">
         <name>.debug_info</name>
         <load_address>0x136d4</load_address>
         <run_address>0x136d4</run_address>
         <size>0x2de</size>
         <input_file_ref idref="fl-d7"/>
      </object_component>
      <object_component id="oc-f3">
         <name>.debug_info</name>
         <load_address>0x139b2</load_address>
         <run_address>0x139b2</run_address>
         <size>0x3e8</size>
         <input_file_ref idref="fl-d7"/>
      </object_component>
      <object_component id="oc-1b1">
         <name>.debug_info</name>
         <load_address>0x13d9a</load_address>
         <run_address>0x13d9a</run_address>
         <size>0x265</size>
         <input_file_ref idref="fl-d7"/>
      </object_component>
      <object_component id="oc-db">
         <name>.debug_info</name>
         <load_address>0x13fff</load_address>
         <run_address>0x13fff</run_address>
         <size>0x28c</size>
         <input_file_ref idref="fl-d7"/>
      </object_component>
      <object_component id="oc-c4">
         <name>.debug_info</name>
         <load_address>0x1428b</load_address>
         <run_address>0x1428b</run_address>
         <size>0x2c7</size>
         <input_file_ref idref="fl-d7"/>
      </object_component>
      <object_component id="oc-c9">
         <name>.debug_info</name>
         <load_address>0x14552</load_address>
         <run_address>0x14552</run_address>
         <size>0x28a</size>
         <input_file_ref idref="fl-d7"/>
      </object_component>
      <object_component id="oc-e8">
         <name>.debug_info</name>
         <load_address>0x147dc</load_address>
         <run_address>0x147dc</run_address>
         <size>0x286</size>
         <input_file_ref idref="fl-d7"/>
      </object_component>
      <object_component id="oc-b2">
         <name>.debug_info</name>
         <load_address>0x14a62</load_address>
         <run_address>0x14a62</run_address>
         <size>0x26c</size>
         <input_file_ref idref="fl-d7"/>
      </object_component>
      <object_component id="oc-d6">
         <name>.debug_info</name>
         <load_address>0x14cce</load_address>
         <run_address>0x14cce</run_address>
         <size>0x242</size>
         <input_file_ref idref="fl-d7"/>
      </object_component>
      <object_component id="oc-be">
         <name>.debug_info</name>
         <load_address>0x14f10</load_address>
         <run_address>0x14f10</run_address>
         <size>0x360</size>
         <input_file_ref idref="fl-d7"/>
      </object_component>
      <object_component id="oc-1c3">
         <name>.debug_info</name>
         <load_address>0x15270</load_address>
         <run_address>0x15270</run_address>
         <size>0x1b3</size>
         <input_file_ref idref="fl-d7"/>
      </object_component>
      <object_component id="oc-18c">
         <name>.debug_info</name>
         <load_address>0x15423</load_address>
         <run_address>0x15423</run_address>
         <size>0x18b</size>
         <input_file_ref idref="fl-d7"/>
      </object_component>
      <object_component id="oc-196">
         <name>.debug_info</name>
         <load_address>0x155ae</load_address>
         <run_address>0x155ae</run_address>
         <size>0x240</size>
         <input_file_ref idref="fl-d8"/>
      </object_component>
      <object_component id="oc-193">
         <name>.debug_info</name>
         <load_address>0x157ee</load_address>
         <run_address>0x157ee</run_address>
         <size>0x15b</size>
         <input_file_ref idref="fl-d8"/>
      </object_component>
      <object_component id="oc-2b9">
         <name>.debug_info</name>
         <load_address>0x15949</load_address>
         <run_address>0x15949</run_address>
         <size>0x2a3</size>
         <input_file_ref idref="fl-d8"/>
      </object_component>
      <object_component id="oc-199">
         <name>.debug_info</name>
         <load_address>0x15bec</load_address>
         <run_address>0x15bec</run_address>
         <size>0x2b3</size>
         <input_file_ref idref="fl-d8"/>
      </object_component>
      <object_component id="oc-19f">
         <name>.debug_info</name>
         <load_address>0x15e9f</load_address>
         <run_address>0x15e9f</run_address>
         <size>0x316</size>
         <input_file_ref idref="fl-d8"/>
      </object_component>
      <object_component id="oc-2b2">
         <name>.debug_info</name>
         <load_address>0x161b5</load_address>
         <run_address>0x161b5</run_address>
         <size>0x2b7</size>
         <input_file_ref idref="fl-d8"/>
      </object_component>
      <object_component id="oc-ac">
         <name>.debug_info</name>
         <load_address>0x1646c</load_address>
         <run_address>0x1646c</run_address>
         <size>0x279</size>
         <input_file_ref idref="fl-d8"/>
      </object_component>
      <object_component id="oc-a6">
         <name>.debug_info</name>
         <load_address>0x166e5</load_address>
         <run_address>0x166e5</run_address>
         <size>0x280</size>
         <input_file_ref idref="fl-d8"/>
      </object_component>
      <object_component id="oc-1c0">
         <name>.debug_info</name>
         <load_address>0x16965</load_address>
         <run_address>0x16965</run_address>
         <size>0x20e</size>
         <input_file_ref idref="fl-d9"/>
      </object_component>
      <object_component id="oc-1bd">
         <name>.debug_info</name>
         <load_address>0x16b73</load_address>
         <run_address>0x16b73</run_address>
         <size>0x210</size>
         <input_file_ref idref="fl-d9"/>
      </object_component>
      <object_component id="oc-29a">
         <name>.debug_info</name>
         <load_address>0x16d83</load_address>
         <run_address>0x16d83</run_address>
         <size>0x157</size>
         <input_file_ref idref="fl-d9"/>
      </object_component>
      <object_component id="oc-1b5">
         <name>.debug_info</name>
         <load_address>0x16eda</load_address>
         <run_address>0x16eda</run_address>
         <size>0x2c1</size>
         <input_file_ref idref="fl-d9"/>
      </object_component>
      <object_component id="oc-ce">
         <name>.debug_info</name>
         <load_address>0x1719b</load_address>
         <run_address>0x1719b</run_address>
         <size>0x268</size>
         <input_file_ref idref="fl-d9"/>
      </object_component>
      <object_component id="oc-191">
         <name>.debug_info</name>
         <load_address>0x17403</load_address>
         <run_address>0x17403</run_address>
         <size>0x298</size>
         <input_file_ref idref="fl-da"/>
      </object_component>
      <object_component id="oc-1a7">
         <name>.debug_info</name>
         <load_address>0x1769b</load_address>
         <run_address>0x1769b</run_address>
         <size>0x14d</size>
         <input_file_ref idref="fl-da"/>
      </object_component>
      <object_component id="oc-1f9">
         <name>.debug_info</name>
         <load_address>0x177e8</load_address>
         <run_address>0x177e8</run_address>
         <size>0x27f</size>
         <input_file_ref idref="fl-da"/>
      </object_component>
      <object_component id="oc-9e">
         <name>.debug_info</name>
         <load_address>0x17a67</load_address>
         <run_address>0x17a67</run_address>
         <size>0x27d</size>
         <input_file_ref idref="fl-da"/>
      </object_component>
      <object_component id="oc-1f4">
         <name>.debug_info</name>
         <load_address>0x17ce4</load_address>
         <run_address>0x17ce4</run_address>
         <size>0x2db</size>
         <input_file_ref idref="fl-da"/>
      </object_component>
      <object_component id="oc-b7">
         <name>.debug_info</name>
         <load_address>0x17fbf</load_address>
         <run_address>0x17fbf</run_address>
         <size>0x2b5</size>
         <input_file_ref idref="fl-da"/>
      </object_component>
      <object_component id="oc-287">
         <name>.debug_info</name>
         <load_address>0x18274</load_address>
         <run_address>0x18274</run_address>
         <size>0x5f</size>
         <input_file_ref idref="fl-da"/>
      </object_component>
      <object_component id="oc-35a">
         <name>.debug_info</name>
         <load_address>0x182d3</load_address>
         <run_address>0x182d3</run_address>
         <size>0xa5</size>
      </object_component>
      <object_component id="oc-27a">
         <name>.debug_line</name>
         <load_address>0x0</load_address>
         <run_address>0x0</run_address>
         <size>0x11f</size>
         <input_file_ref idref="fl-2"/>
      </object_component>
      <object_component id="oc-132">
         <name>.debug_line</name>
         <load_address>0x11f</load_address>
         <run_address>0x11f</run_address>
         <size>0xf3</size>
         <input_file_ref idref="fl-2"/>
      </object_component>
      <object_component id="oc-178">
         <name>.debug_line</name>
         <load_address>0x212</load_address>
         <run_address>0x212</run_address>
         <size>0x36</size>
         <input_file_ref idref="fl-2"/>
      </object_component>
      <object_component id="oc-104">
         <name>.debug_line</name>
         <load_address>0x248</load_address>
         <run_address>0x248</run_address>
         <size>0x55</size>
         <input_file_ref idref="fl-2"/>
      </object_component>
      <object_component id="oc-10b">
         <name>.debug_line</name>
         <load_address>0x29d</load_address>
         <run_address>0x29d</run_address>
         <size>0x69</size>
         <input_file_ref idref="fl-2"/>
      </object_component>
      <object_component id="oc-182">
         <name>.debug_line</name>
         <load_address>0x306</load_address>
         <run_address>0x306</run_address>
         <size>0x3a</size>
         <input_file_ref idref="fl-2"/>
      </object_component>
      <object_component id="oc-27e">
         <name>.debug_line</name>
         <load_address>0x340</load_address>
         <run_address>0x340</run_address>
         <size>0x37</size>
         <input_file_ref idref="fl-2"/>
      </object_component>
      <object_component id="oc-283">
         <name>.debug_line</name>
         <load_address>0x377</load_address>
         <run_address>0x377</run_address>
         <size>0x38</size>
         <input_file_ref idref="fl-2"/>
      </object_component>
      <object_component id="oc-fe">
         <name>.debug_line</name>
         <load_address>0x3af</load_address>
         <run_address>0x3af</run_address>
         <size>0x20</size>
         <input_file_ref idref="fl-2"/>
      </object_component>
      <object_component id="oc-91">
         <name>.debug_line</name>
         <load_address>0x3cf</load_address>
         <run_address>0x3cf</run_address>
         <size>0x3a</size>
         <input_file_ref idref="fl-2"/>
      </object_component>
      <object_component id="oc-189">
         <name>.debug_line</name>
         <load_address>0x409</load_address>
         <run_address>0x409</run_address>
         <size>0x6d</size>
         <input_file_ref idref="fl-2"/>
      </object_component>
      <object_component id="oc-9b">
         <name>.debug_line</name>
         <load_address>0x476</load_address>
         <run_address>0x476</run_address>
         <size>0x6a</size>
         <input_file_ref idref="fl-2"/>
      </object_component>
      <object_component id="oc-96">
         <name>.debug_line</name>
         <load_address>0x4e0</load_address>
         <run_address>0x4e0</run_address>
         <size>0x3b</size>
         <input_file_ref idref="fl-2"/>
      </object_component>
      <object_component id="oc-173">
         <name>.debug_line</name>
         <load_address>0x51b</load_address>
         <run_address>0x51b</run_address>
         <size>0x65</size>
         <input_file_ref idref="fl-2"/>
      </object_component>
      <object_component id="oc-17d">
         <name>.debug_line</name>
         <load_address>0x580</load_address>
         <run_address>0x580</run_address>
         <size>0x36</size>
         <input_file_ref idref="fl-2"/>
      </object_component>
      <object_component id="oc-107">
         <name>.debug_line</name>
         <load_address>0x5b6</load_address>
         <run_address>0x5b6</run_address>
         <size>0x41</size>
         <input_file_ref idref="fl-3"/>
      </object_component>
      <object_component id="oc-3c">
         <name>.debug_line</name>
         <load_address>0x5f7</load_address>
         <run_address>0x5f7</run_address>
         <size>0x41</size>
         <input_file_ref idref="fl-3"/>
      </object_component>
      <object_component id="oc-28">
         <name>.debug_line</name>
         <load_address>0x638</load_address>
         <run_address>0x638</run_address>
         <size>0xa1</size>
         <input_file_ref idref="fl-3"/>
      </object_component>
      <object_component id="oc-47">
         <name>.debug_line</name>
         <load_address>0x6d9</load_address>
         <run_address>0x6d9</run_address>
         <size>0x20</size>
         <input_file_ref idref="fl-3"/>
      </object_component>
      <object_component id="oc-313">
         <name>.debug_line</name>
         <load_address>0x6f9</load_address>
         <run_address>0x6f9</run_address>
         <size>0x81</size>
         <input_file_ref idref="fl-5"/>
      </object_component>
      <object_component id="oc-255">
         <name>.debug_line</name>
         <load_address>0x77a</load_address>
         <run_address>0x77a</run_address>
         <size>0x65</size>
         <input_file_ref idref="fl-5"/>
      </object_component>
      <object_component id="oc-25f">
         <name>.debug_line</name>
         <load_address>0x7df</load_address>
         <run_address>0x7df</run_address>
         <size>0x3a</size>
         <input_file_ref idref="fl-5"/>
      </object_component>
      <object_component id="oc-317">
         <name>.debug_line</name>
         <load_address>0x819</load_address>
         <run_address>0x819</run_address>
         <size>0x3e</size>
         <input_file_ref idref="fl-5"/>
      </object_component>
      <object_component id="oc-31c">
         <name>.debug_line</name>
         <load_address>0x857</load_address>
         <run_address>0x857</run_address>
         <size>0x3e</size>
         <input_file_ref idref="fl-5"/>
      </object_component>
      <object_component id="oc-250">
         <name>.debug_line</name>
         <load_address>0x895</load_address>
         <run_address>0x895</run_address>
         <size>0x38</size>
         <input_file_ref idref="fl-5"/>
      </object_component>
      <object_component id="oc-2e3">
         <name>.debug_line</name>
         <load_address>0x8cd</load_address>
         <run_address>0x8cd</run_address>
         <size>0x36</size>
         <input_file_ref idref="fl-6"/>
      </object_component>
      <object_component id="oc-2e1">
         <name>.debug_line</name>
         <load_address>0x903</load_address>
         <run_address>0x903</run_address>
         <size>0x38</size>
         <input_file_ref idref="fl-6"/>
      </object_component>
      <object_component id="oc-2df">
         <name>.debug_line</name>
         <load_address>0x93b</load_address>
         <run_address>0x93b</run_address>
         <size>0x38</size>
         <input_file_ref idref="fl-6"/>
      </object_component>
      <object_component id="oc-14e">
         <name>.debug_line</name>
         <load_address>0x973</load_address>
         <run_address>0x973</run_address>
         <size>0xbb</size>
         <input_file_ref idref="fl-6"/>
      </object_component>
      <object_component id="oc-2e5">
         <name>.debug_line</name>
         <load_address>0xa2e</load_address>
         <run_address>0xa2e</run_address>
         <size>0x20</size>
         <input_file_ref idref="fl-7"/>
      </object_component>
      <object_component id="oc-154">
         <name>.debug_line</name>
         <load_address>0xa4e</load_address>
         <run_address>0xa4e</run_address>
         <size>0xec</size>
         <input_file_ref idref="fl-7"/>
      </object_component>
      <object_component id="oc-16f">
         <name>.debug_line</name>
         <load_address>0xb3a</load_address>
         <run_address>0xb3a</run_address>
         <size>0x4c</size>
         <input_file_ref idref="fl-8"/>
      </object_component>
      <object_component id="oc-149">
         <name>.debug_line</name>
         <load_address>0xb86</load_address>
         <run_address>0xb86</run_address>
         <size>0x36</size>
         <input_file_ref idref="fl-8"/>
      </object_component>
      <object_component id="oc-16d">
         <name>.debug_line</name>
         <load_address>0xbbc</load_address>
         <run_address>0xbbc</run_address>
         <size>0x36</size>
         <input_file_ref idref="fl-8"/>
      </object_component>
      <object_component id="oc-33">
         <name>.debug_line</name>
         <load_address>0xbf2</load_address>
         <run_address>0xbf2</run_address>
         <size>0x169</size>
         <input_file_ref idref="fl-8"/>
      </object_component>
      <object_component id="oc-2e">
         <name>.debug_line</name>
         <load_address>0xd5b</load_address>
         <run_address>0xd5b</run_address>
         <size>0xcb</size>
         <input_file_ref idref="fl-9"/>
      </object_component>
      <object_component id="oc-2e9">
         <name>.debug_line</name>
         <load_address>0xe26</load_address>
         <run_address>0xe26</run_address>
         <size>0x98</size>
         <input_file_ref idref="fl-a"/>
      </object_component>
      <object_component id="oc-1f0">
         <name>.debug_line</name>
         <load_address>0xebe</load_address>
         <run_address>0xebe</run_address>
         <size>0x8b4</size>
         <input_file_ref idref="fl-a"/>
      </object_component>
      <object_component id="oc-2ed">
         <name>.debug_line</name>
         <load_address>0x1772</load_address>
         <run_address>0x1772</run_address>
         <size>0x37</size>
         <input_file_ref idref="fl-a"/>
      </object_component>
      <object_component id="oc-2aa">
         <name>.debug_line</name>
         <load_address>0x17a9</load_address>
         <run_address>0x17a9</run_address>
         <size>0x37</size>
         <input_file_ref idref="fl-a"/>
      </object_component>
      <object_component id="oc-1e6">
         <name>.debug_line</name>
         <load_address>0x17e0</load_address>
         <run_address>0x17e0</run_address>
         <size>0x65</size>
         <input_file_ref idref="fl-b"/>
      </object_component>
      <object_component id="oc-24c">
         <name>.debug_line</name>
         <load_address>0x1845</load_address>
         <run_address>0x1845</run_address>
         <size>0xb0</size>
         <input_file_ref idref="fl-c"/>
      </object_component>
      <object_component id="oc-141">
         <name>.debug_line</name>
         <load_address>0x18f5</load_address>
         <run_address>0x18f5</run_address>
         <size>0x37</size>
         <input_file_ref idref="fl-c"/>
      </object_component>
      <object_component id="oc-26c">
         <name>.debug_line</name>
         <load_address>0x192c</load_address>
         <run_address>0x192c</run_address>
         <size>0x37</size>
         <input_file_ref idref="fl-c"/>
      </object_component>
      <object_component id="oc-276">
         <name>.debug_line</name>
         <load_address>0x1963</load_address>
         <run_address>0x1963</run_address>
         <size>0x37</size>
         <input_file_ref idref="fl-c"/>
      </object_component>
      <object_component id="oc-278">
         <name>.debug_line</name>
         <load_address>0x199a</load_address>
         <run_address>0x199a</run_address>
         <size>0x37</size>
         <input_file_ref idref="fl-c"/>
      </object_component>
      <object_component id="oc-270">
         <name>.debug_line</name>
         <load_address>0x19d1</load_address>
         <run_address>0x19d1</run_address>
         <size>0x37</size>
         <input_file_ref idref="fl-c"/>
      </object_component>
      <object_component id="oc-274">
         <name>.debug_line</name>
         <load_address>0x1a08</load_address>
         <run_address>0x1a08</run_address>
         <size>0x37</size>
         <input_file_ref idref="fl-c"/>
      </object_component>
      <object_component id="oc-26e">
         <name>.debug_line</name>
         <load_address>0x1a3f</load_address>
         <run_address>0x1a3f</run_address>
         <size>0x37</size>
         <input_file_ref idref="fl-c"/>
      </object_component>
      <object_component id="oc-272">
         <name>.debug_line</name>
         <load_address>0x1a76</load_address>
         <run_address>0x1a76</run_address>
         <size>0x37</size>
         <input_file_ref idref="fl-c"/>
      </object_component>
      <object_component id="oc-86">
         <name>.debug_line</name>
         <load_address>0x1aad</load_address>
         <run_address>0x1aad</run_address>
         <size>0xecc</size>
         <input_file_ref idref="fl-c"/>
      </object_component>
      <object_component id="oc-146">
         <name>.debug_line</name>
         <load_address>0x2979</load_address>
         <run_address>0x2979</run_address>
         <size>0x36</size>
         <input_file_ref idref="fl-c"/>
      </object_component>
      <object_component id="oc-25a">
         <name>.debug_line</name>
         <load_address>0x29af</load_address>
         <run_address>0x29af</run_address>
         <size>0x37</size>
         <input_file_ref idref="fl-c"/>
      </object_component>
      <object_component id="oc-1db">
         <name>.debug_line</name>
         <load_address>0x29e6</load_address>
         <run_address>0x29e6</run_address>
         <size>0xfe</size>
         <input_file_ref idref="fl-e"/>
      </object_component>
      <object_component id="oc-1d9">
         <name>.debug_line</name>
         <load_address>0x2ae4</load_address>
         <run_address>0x2ae4</run_address>
         <size>0x36</size>
         <input_file_ref idref="fl-e"/>
      </object_component>
      <object_component id="oc-39">
         <name>.debug_line</name>
         <load_address>0x2b1a</load_address>
         <run_address>0x2b1a</run_address>
         <size>0xd5</size>
         <input_file_ref idref="fl-e"/>
      </object_component>
      <object_component id="oc-208">
         <name>.debug_line</name>
         <load_address>0x2bef</load_address>
         <run_address>0x2bef</run_address>
         <size>0x5d</size>
         <input_file_ref idref="fl-f"/>
      </object_component>
      <object_component id="oc-202">
         <name>.debug_line</name>
         <load_address>0x2c4c</load_address>
         <run_address>0x2c4c</run_address>
         <size>0x48</size>
         <input_file_ref idref="fl-10"/>
      </object_component>
      <object_component id="oc-126">
         <name>.debug_line</name>
         <load_address>0x2c94</load_address>
         <run_address>0x2c94</run_address>
         <size>0x79</size>
         <input_file_ref idref="fl-cb"/>
      </object_component>
      <object_component id="oc-4d">
         <name>.debug_line</name>
         <load_address>0x2d0d</load_address>
         <run_address>0x2d0d</run_address>
         <size>0x88</size>
         <input_file_ref idref="fl-cc"/>
      </object_component>
      <object_component id="oc-1e9">
         <name>.debug_line</name>
         <load_address>0x2d95</load_address>
         <run_address>0x2d95</run_address>
         <size>0xa9</size>
         <input_file_ref idref="fl-cd"/>
      </object_component>
      <object_component id="oc-5f">
         <name>.debug_line</name>
         <load_address>0x2e3e</load_address>
         <run_address>0x2e3e</run_address>
         <size>0x4f</size>
         <input_file_ref idref="fl-cd"/>
      </object_component>
      <object_component id="oc-11f">
         <name>.debug_line</name>
         <load_address>0x2e8d</load_address>
         <run_address>0x2e8d</run_address>
         <size>0x34</size>
         <input_file_ref idref="fl-cd"/>
      </object_component>
      <object_component id="oc-11a">
         <name>.debug_line</name>
         <load_address>0x2ec1</load_address>
         <run_address>0x2ec1</run_address>
         <size>0x20</size>
         <input_file_ref idref="fl-ce"/>
      </object_component>
      <object_component id="oc-1c">
         <name>.debug_line</name>
         <load_address>0x2ee1</load_address>
         <run_address>0x2ee1</run_address>
         <size>0x55</size>
         <input_file_ref idref="fl-ce"/>
      </object_component>
      <object_component id="oc-52">
         <name>.debug_line</name>
         <load_address>0x2f36</load_address>
         <run_address>0x2f36</run_address>
         <size>0x3a</size>
         <input_file_ref idref="fl-ce"/>
      </object_component>
      <object_component id="oc-117">
         <name>.debug_line</name>
         <load_address>0x2f70</load_address>
         <run_address>0x2f70</run_address>
         <size>0x95</size>
         <input_file_ref idref="fl-ce"/>
      </object_component>
      <object_component id="oc-1e2">
         <name>.debug_line</name>
         <load_address>0x3005</load_address>
         <run_address>0x3005</run_address>
         <size>0x20</size>
         <input_file_ref idref="fl-cf"/>
      </object_component>
      <object_component id="oc-16">
         <name>.debug_line</name>
         <load_address>0x3025</load_address>
         <run_address>0x3025</run_address>
         <size>0xa9</size>
         <input_file_ref idref="fl-cf"/>
      </object_component>
      <object_component id="oc-42">
         <name>.debug_line</name>
         <load_address>0x30ce</load_address>
         <run_address>0x30ce</run_address>
         <size>0x3a</size>
         <input_file_ref idref="fl-cf"/>
      </object_component>
      <object_component id="oc-1df">
         <name>.debug_line</name>
         <load_address>0x3108</load_address>
         <run_address>0x3108</run_address>
         <size>0x9d</size>
         <input_file_ref idref="fl-cf"/>
      </object_component>
      <object_component id="oc-110">
         <name>.debug_line</name>
         <load_address>0x31a5</load_address>
         <run_address>0x31a5</run_address>
         <size>0x99</size>
         <input_file_ref idref="fl-cf"/>
      </object_component>
      <object_component id="oc-7a">
         <name>.debug_line</name>
         <load_address>0x323e</load_address>
         <run_address>0x323e</run_address>
         <size>0x33</size>
         <input_file_ref idref="fl-d0"/>
      </object_component>
      <object_component id="oc-6b">
         <name>.debug_line</name>
         <load_address>0x3271</load_address>
         <run_address>0x3271</run_address>
         <size>0x56</size>
         <input_file_ref idref="fl-d0"/>
      </object_component>
      <object_component id="oc-20f">
         <name>.debug_line</name>
         <load_address>0x32c7</load_address>
         <run_address>0x32c7</run_address>
         <size>0x3c</size>
         <input_file_ref idref="fl-d1"/>
      </object_component>
      <object_component id="oc-300">
         <name>.debug_line</name>
         <load_address>0x3303</load_address>
         <run_address>0x3303</run_address>
         <size>0xc2</size>
         <input_file_ref idref="fl-d4"/>
      </object_component>
      <object_component id="oc-21d">
         <name>.debug_line</name>
         <load_address>0x33c5</load_address>
         <run_address>0x33c5</run_address>
         <size>0x6c</size>
         <input_file_ref idref="fl-d4"/>
      </object_component>
      <object_component id="oc-304">
         <name>.debug_line</name>
         <load_address>0x3431</load_address>
         <run_address>0x3431</run_address>
         <size>0x2e</size>
         <input_file_ref idref="fl-d4"/>
      </object_component>
      <object_component id="oc-324">
         <name>.debug_line</name>
         <load_address>0x345f</load_address>
         <run_address>0x345f</run_address>
         <size>0x9d</size>
         <input_file_ref idref="fl-d4"/>
      </object_component>
      <object_component id="oc-309">
         <name>.debug_line</name>
         <load_address>0x34fc</load_address>
         <run_address>0x34fc</run_address>
         <size>0x9a</size>
         <input_file_ref idref="fl-d4"/>
      </object_component>
      <object_component id="oc-30e">
         <name>.debug_line</name>
         <load_address>0x3596</load_address>
         <run_address>0x3596</run_address>
         <size>0x96</size>
         <input_file_ref idref="fl-d4"/>
      </object_component>
      <object_component id="oc-12a">
         <name>.debug_line</name>
         <load_address>0x362c</load_address>
         <run_address>0x362c</run_address>
         <size>0x40</size>
         <input_file_ref idref="fl-d5"/>
      </object_component>
      <object_component id="oc-293">
         <name>.debug_line</name>
         <load_address>0x366c</load_address>
         <run_address>0x366c</run_address>
         <size>0x82</size>
         <input_file_ref idref="fl-d7"/>
      </object_component>
      <object_component id="oc-297">
         <name>.debug_line</name>
[...]
      </symbol>
      <symbol id="sm-245">
         <name>xQueueGiveMutexRecursive</name>
         <value>0x1e63</value>
         <object_component_ref idref="oc-1ec"/>
      </symbol>
      <symbol id="sm-246">
         <name>xQueueSemaphoreTake</name>
         <value>0x2265</value>
         <object_component_ref idref="oc-1ec"/>
      </symbol>
      <symbol id="sm-247">
         <name>vQueueUnregisterQueue</name>
         <value>0x2931</value>
         <object_component_ref idref="oc-1ec"/>
      </symbol>
      <symbol id="sm-248">
         <name>xQueueGiveFromISR</name>
         <value>0x20b9</value>
         <object_component_ref idref="oc-1ec"/>
      </symbol>
      <symbol id="sm-249">
         <name>uxQueueMessagesWaitingFromISR</name>
         <value>0x25f5</value>
         <object_component_ref idref="oc-1ec"/>
      </symbol>
      <symbol id="sm-24a">
         <name>uxQueueGetQueueNumber</name>
         <value>0x2627</value>
         <object_component_ref idref="oc-1ec"/>
      </symbol>
      <symbol id="sm-24b">
         <name>xQueueTakeMutexRecursive</name>
         <value>0x1e9f</value>
         <object_component_ref idref="oc-1ec"/>
      </symbol>
      <symbol id="sm-24c">
         <name>xQueueCreateCountingSemaphore</name>
         <value>0x1ee7</value>
         <object_component_ref idref="oc-1ec"/>
      </symbol>
      <symbol id="sm-24d">
         <name>vQueueDelete</name>
         <value>0x2611</value>
         <object_component_ref idref="oc-1ec"/>
      </symbol>
      <symbol id="sm-24e">
         <name>xQueuePeek</name>
         <value>0x23b7</value>
         <object_component_ref idref="oc-1ec"/>
      </symbol>
      <symbol id="sm-24f">
         <name>xQueueReceive</name>
         <value>0x2151</value>
         <object_component_ref idref="oc-1ec"/>
      </symbol>
      <symbol id="sm-250">
         <name>pcQueueGetName</name>
         <value>0x28f1</value>
         <object_component_ref idref="oc-1ec"/>
      </symbol>
      <symbol id="sm-251">
         <name>ucQueueGetQueueType</name>
         <value>0x2647</value>
         <object_component_ref idref="oc-1ec"/>
      </symbol>
      <symbol id="sm-471">
         <name>vTaskDelay</name>
         <value>0x5b1</value>
         <object_component_ref idref="oc-82"/>
      </symbol>
      <symbol id="sm-472">
         <name>vTaskSuspendAll</name>
         <value>0xa89</value>
         <object_component_ref idref="oc-82"/>
      </symbol>
      <symbol id="sm-473">
         <name>vTaskPlaceOnEventList</name>
         <value>0x1021</value>
         <object_component_ref idref="oc-82"/>
      </symbol>
      <symbol id="sm-474">
         <name>vTaskSetTaskNumber</name>
         <value>0x1285</value>
         <object_component_ref idref="oc-82"/>
      </symbol>
      <symbol id="sm-475">
         <name>uxTaskPriorityGetFromISR</name>
         <value>0x6cd</value>
         <object_component_ref idref="oc-82"/>
      </symbol>
      <symbol id="sm-476">
         <name>ulTaskNotifyTake</name>
         <value>0x1801</value>
         <object_component_ref idref="oc-82"/>
      </symbol>
      <symbol id="sm-477">
         <name>pcTaskGetName</name>
         <value>0xbc5</value>
         <object_component_ref idref="oc-82"/>
      </symbol>
      <symbol id="sm-478">
         <name>xTaskCheckForTimeOut</name>
         <value>0x11ad</value>
         <object_component_ref idref="oc-82"/>
      </symbol>
      <symbol id="sm-479">
         <name>vTaskRemoveFromUnorderedEventList</name>
         <value>0x10f7</value>
         <object_component_ref idref="oc-82"/>
      </symbol>
      <symbol id="sm-47a">
         <name>vTaskPrioritySet</name>
         <value>0x71d</value>
         <object_component_ref idref="oc-82"/>
      </symbol>
      <symbol id="sm-47b">
         <name>xTaskPriorityDisinherit</name>
         <value>0x167f</value>
         <object_component_ref idref="oc-82"/>
      </symbol>
      <symbol id="sm-47c">
         <name>xTaskAbortDelay</name>
         <value>0xe31</value>
         <object_component_ref idref="oc-82"/>
      </symbol>
      <symbol id="sm-47d">
         <name>vTaskStartScheduler</name>
         <value>0xa1d</value>
         <object_component_ref idref="oc-82"/>
      </symbol>
      <symbol id="sm-47e">
         <name>vTaskInternalSetTimeOutState</name>
         <value>0x118b</value>
         <object_component_ref idref="oc-82"/>
      </symbol>
      <symbol id="sm-47f">
         <name>xTaskNotifyStateClear</name>
         <value>0x1be1</value>
         <object_component_ref idref="oc-82"/>
      </symbol>
      <symbol id="sm-480">
         <name>pvTaskIncrementMutexHeldCount</name>
         <value>0x17e1</value>
         <object_component_ref idref="oc-82"/>
      </symbol>
      <symbol id="sm-481">
         <name>uxTaskGetStackHighWaterMark</name>
         <value>0x14e9</value>
         <object_component_ref idref="oc-82"/>
      </symbol>
      <symbol id="sm-482">
         <name>xTaskGenericNotify</name>
         <value>0x193b</value>
         <object_component_ref idref="oc-82"/>
      </symbol>
      <symbol id="sm-483">
         <name>vTaskPriorityDisinheritAfterTimeout</name>
         <value>0x16ff</value>
         <object_component_ref idref="oc-82"/>
      </symbol>
      <symbol id="sm-484">
         <name>xTaskCreate</name>
         <value>0x26d</value>
         <object_component_ref idref="oc-82"/>
      </symbol>
      <symbol id="sm-485">
         <name>vTaskDelayUntil</name>
         <value>0x503</value>
         <object_component_ref idref="oc-82"/>
      </symbol>
      <symbol id="sm-486">
         <name>uxTaskGetTaskNumber</name>
         <value>0x1265</value>
         <object_component_ref idref="oc-82"/>
      </symbol>
      <symbol id="sm-487">
         <name>vTaskEndScheduler</name>
         <value>0xa6d</value>
         <object_component_ref idref="oc-82"/>
      </symbol>
      <symbol id="sm-488">
         <name>xTaskNotifyWait</name>
         <value>0x1889</value>
         <object_component_ref idref="oc-82"/>
      </symbol>
      <symbol id="sm-489">
         <name>vTaskMissedYield</name>
         <value>0x1259</value>
         <object_component_ref idref="oc-82"/>
      </symbol>
      <symbol id="sm-48a">
         <name>uxTaskGetNumberOfTasks</name>
         <value>0xbbf</value>
         <object_component_ref idref="oc-82"/>
      </symbol>
      <symbol id="sm-48b">
         <name>xTaskGenericNotifyFromISR</name>
         <value>0x1a19</value>
         <object_component_ref idref="oc-82"/>
      </symbol>
      <symbol id="sm-48c">
         <name>vTaskGetInfo</name>
         <value>0x135d</value>
         <object_component_ref idref="oc-82"/>
      </symbol>
      <symbol id="sm-48d">
         <name>uxTaskPriorityGet</name>
         <value>0x69d</value>
         <object_component_ref idref="oc-82"/>
      </symbol>
      <symbol id="sm-48e">
         <name>xTaskResumeAll</name>
         <value>0xa9d</value>
         <object_component_ref idref="oc-82"/>
      </symbol>
      <symbol id="sm-48f">
         <name>xTaskGetHandle</name>
         <value>0xccd</value>
         <object_component_ref idref="oc-82"/>
      </symbol>
      <symbol id="sm-490">
         <name>xTaskGetTickCount</name>
         <value>0xb75</value>
         <object_component_ref idref="oc-82"/>
      </symbol>
      <symbol id="sm-491">
         <name>uxTaskGetSystemState</name>
         <value>0xd55</value>
         <object_component_ref idref="oc-82"/>
      </symbol>
      <symbol id="sm-492">
         <name>vTaskDelete</name>
         <value>0x473</value>
         <object_component_ref idref="oc-82"/>
      </symbol>
      <symbol id="sm-493">
         <name>pxCurrentTCB</name>
         <value>0x200053b8</value>
         <object_component_ref idref="oc-7c"/>
      </symbol>
      <symbol id="sm-494">
         <name>vTaskNotifyGiveFromISR</name>
         <value>0x1b2d</value>
         <object_component_ref idref="oc-82"/>
      </symbol>
      <symbol id="sm-495">
         <name>eTaskGetState</name>
         <value>0x5ef</value>
         <object_component_ref idref="oc-82"/>
      </symbol>
      <symbol id="sm-496">
         <name>vTaskSuspend</name>
         <value>0x821</value>
         <object_component_ref idref="oc-82"/>
      </symbol>
      <symbol id="sm-497">
         <name>xTaskGetIdleTaskHandle</name>
         <value>0xe27</value>
         <object_component_ref idref="oc-82"/>
      </symbol>
      <symbol id="sm-498">
         <name>xTaskGetTickCountFromISR</name>
         <value>0xb91</value>
         <object_component_ref idref="oc-82"/>
      </symbol>
      <symbol id="sm-499">
         <name>vTaskResume</name>
         <value>0x911</value>
         <object_component_ref idref="oc-82"/>
      </symbol>
      <symbol id="sm-49a">
         <name>vTaskSetTimeOutState</name>
         <value>0x116d</value>
         <object_component_ref idref="oc-82"/>
      </symbol>
      <symbol id="sm-49b">
         <name>xTaskIncrementTick</name>
         <value>0xea9</value>
         <object_component_ref idref="oc-82"/>
      </symbol>
      <symbol id="sm-49c">
         <name>vTaskSwitchContext</name>
         <value>0xfa1</value>
         <object_component_ref idref="oc-82"/>
      </symbol>
      <symbol id="sm-49d">
         <name>uxTaskResetEventItemValue</name>
         <value>0x17b7</value>
         <object_component_ref idref="oc-82"/>
      </symbol>
      <symbol id="sm-49e">
         <name>xTaskGetSchedulerState</name>
         <value>0x1589</value>
         <object_component_ref idref="oc-82"/>
      </symbol>
      <symbol id="sm-49f">
         <name>xTaskResumeFromISR</name>
         <value>0x985</value>
         <object_component_ref idref="oc-82"/>
      </symbol>
      <symbol id="sm-4a0">
         <name>xTaskGetCurrentTaskHandle</name>
         <value>0x1561</value>
         <object_component_ref idref="oc-82"/>
      </symbol>
      <symbol id="sm-4a1">
         <name>vTaskPlaceOnUnorderedEventList</name>
         <value>0x1045</value>
         <object_component_ref idref="oc-82"/>
      </symbol>
      <symbol id="sm-4a2">
         <name>xTaskRemoveFromEventList</name>
         <value>0x107d</value>
         <object_component_ref idref="oc-82"/>
      </symbol>
      <symbol id="sm-4a3">
         <name>xTaskPriorityInherit</name>
         <value>0x15bd</value>
         <object_component_ref idref="oc-82"/>
      </symbol>
      <symbol id="sm-4ca">
         <name>rxFlag</name>
         <value>0x20005400</value>
         <object_component_ref idref="oc-f7"/>
      </symbol>
      <symbol id="sm-4cb">
         <name>CANIntHandler</name>
         <value>0x2ee1</value>
         <object_component_ref idref="oc-35"/>
      </symbol>
      <symbol id="sm-4cc">
         <name>CAN0Init</name>
         <value>0x2e8d</value>
         <object_component_ref idref="oc-35"/>
      </symbol>
      <symbol id="sm-4cd">
         <name>CANMessageInit</name>
         <value>0x2f25</value>
         <object_component_ref idref="oc-35"/>
      </symbol>
      <symbol id="sm-4ce">
         <name>errFlag</name>
         <value>0x20005401</value>
         <object_component_ref idref="oc-f7"/>
      </symbol>
      <symbol id="sm-4cf">
         <name>CANMessegeReceive</name>
         <value>0x2f6f</value>
         <object_component_ref idref="oc-35"/>
      </symbol>
      <symbol id="sm-4d0">
         <name>CANMessageSendBuffer</name>
         <value>0x2f51</value>
         <object_component_ref idref="oc-35"/>
      </symbol>
      <symbol id="sm-4dd">
         <name>led_on</name>
         <value>0x3bfd</value>
         <object_component_ref idref="oc-204"/>
      </symbol>
      <symbol id="sm-4de">
         <name>led_off</name>
         <value>0x3c0b</value>
         <object_component_ref idref="oc-204"/>
      </symbol>
      <symbol id="sm-4eb">
         <name>init</name>
         <value>0x3c1d</value>
         <object_component_ref idref="oc-1fe"/>
      </symbol>
      <symbol id="sm-4fa">
         <name>__aeabi_memset</name>
         <value>0x374f</value>
         <object_component_ref idref="oc-122"/>
      </symbol>
      <symbol id="sm-4fb">
         <name>memset</name>
         <value>0x3755</value>
         <object_component_ref idref="oc-122"/>
      </symbol>
      <symbol id="sm-4fc">
         <name>__aeabi_memset8</name>
         <value>0x374f</value>
         <object_component_ref idref="oc-122"/>
      </symbol>
      <symbol id="sm-4fd">
         <name>__aeabi_memset4</name>
         <value>0x374f</value>
         <object_component_ref idref="oc-122"/>
      </symbol>
      <symbol id="sm-4fe">
         <name>__aeabi_memclr8</name>
         <value>0x374d</value>
         <object_component_ref idref="oc-122"/>
      </symbol>
      <symbol id="sm-4ff">
         <name>__aeabi_memclr4</name>
         <value>0x374d</value>
         <object_component_ref idref="oc-122"/>
      </symbol>
      <symbol id="sm-500">
         <name>__aeabi_memclr</name>
         <value>0x374d</value>
         <object_component_ref idref="oc-122"/>
      </symbol>
      <symbol id="sm-51b">
         <name>memcpy</name>
         <value>0x36b1</value>
         <object_component_ref idref="oc-49"/>
      </symbol>
      <symbol id="sm-51c">
         <name>__aeabi_memcpy</name>
         <value>0x36b1</value>
         <object_component_ref idref="oc-49"/>
      </symbol>
      <symbol id="sm-51d">
         <name>__aeabi_memcpy8</name>
         <value>0x36b1</value>
         <object_component_ref idref="oc-49"/>
      </symbol>
      <symbol id="sm-51e">
         <name>__aeabi_memcpy4</name>
         <value>0x36b1</value>
         <object_component_ref idref="oc-49"/>
      </symbol>
      <symbol id="sm-530">
         <name>__TI_zero_init</name>
         <value>0x3c89</value>
         <object_component_ref idref="oc-5b"/>
      </symbol>
      <symbol id="sm-547">
         <name>__TI_decompress_none</name>
         <value>0x3c7b</value>
         <object_component_ref idref="oc-18"/>
      </symbol>
      <symbol id="sm-56a">
         <name>__TI_decompress_lzss</name>
         <value>0x389d</value>
         <object_component_ref idref="oc-12"/>
      </symbol>
      <symbol id="sm-57d">
         <name>__stack</name>
         <value>0x200051b8</value>
         <object_component_ref idref="oc-21"/>
      </symbol>
      <symbol id="sm-57e">
         <name>_c_int00_noargs</name>
         <value>0x3aa1</value>
         <object_component_ref idref="oc-67"/>
      </symbol>
      <symbol id="sm-589">
         <name>C$$EXIT</name>
         <value>0x3cc3</value>
         <object_component_ref idref="oc-20d"/>
      </symbol>
      <symbol id="sm-58a">
         <name>abort</name>
         <value>0x3cc3</value>
         <object_component_ref idref="oc-20d"/>
      </symbol>
      <symbol id="sm-5b4">
         <name>__TI_auto_init_nobinit_nopinit</name>
         <value>0x39a9</value>
         <object_component_ref idref="oc-219"/>
      </symbol>
      <symbol id="sm-5be">
         <name>_system_pre_init</name>
         <value>0x3cbf</value>
         <object_component_ref idref="oc-128"/>
      </symbol>
      <symbol id="sm-682">
         <name>CANIntRegister</name>
         <value>0x3c39</value>
         <object_component_ref idref="oc-c1"/>
      </symbol>
      <symbol id="sm-683">
         <name>CANMessageGet</name>
         <value>0x3335</value>
         <object_component_ref idref="oc-f1"/>
      </symbol>
      <symbol id="sm-684">
         <name>CANBitRateSet</name>
         <value>0x37c9</value>
         <object_component_ref idref="oc-bb"/>
      </symbol>
      <symbol id="sm-685">
         <name>CANEnable</name>
         <value>0x3ca1</value>
         <object_component_ref idref="oc-d3"/>
      </symbol>
      <symbol id="sm-686">
         <name>CANStatusGet</name>
         <value>0x39ed</value>
         <object_component_ref idref="oc-df"/>
      </symbol>
      <symbol id="sm-687">
         <name>CANMessageSet</name>
         <value>0x2d55</value>
         <object_component_ref idref="oc-eb"/>
      </symbol>
      <symbol id="sm-688">
         <name>CANIntClear</name>
         <value>0x3bb9</value>
         <object_component_ref idref="oc-e5"/>
      </symbol>
      <symbol id="sm-689">
         <name>CANIntStatus</name>
         <value>0x3bdb</value>
         <object_component_ref idref="oc-d9"/>
      </symbol>
      <symbol id="sm-68a">
         <name>CANInit</name>
         <value>0x3a2d</value>
         <object_component_ref idref="oc-af"/>
      </symbol>
      <symbol id="sm-68b">
         <name>CANIntEnable</name>
         <value>0x3cab</value>
         <object_component_ref idref="oc-c7"/>
      </symbol>
      <symbol id="sm-6cd">
         <name>GPIOPinConfigure</name>
         <value>0x3961</value>
         <object_component_ref idref="oc-a3"/>
      </symbol>
      <symbol id="sm-6ce">
         <name>GPIOPinTypeGPIOOutput</name>
         <value>0x3c51</value>
         <object_component_ref idref="oc-2af"/>
      </symbol>
      <symbol id="sm-6cf">
         <name>GPIODirModeSet</name>
         <value>0x3b41</value>
         <object_component_ref idref="oc-197"/>
      </symbol>
      <symbol id="sm-6d0">
         <name>GPIOPinWrite</name>
         <value>0x3cb3</value>
         <object_component_ref idref="oc-2b6"/>
      </symbol>
      <symbol id="sm-6d1">
         <name>GPIOPadConfigSet</name>
         <value>0x2fc1</value>
         <object_component_ref idref="oc-19d"/>
      </symbol>
      <symbol id="sm-6d2">
         <name>GPIOPinTypeCAN</name>
         <value>0x3c69</value>
         <object_component_ref idref="oc-a9"/>
      </symbol>
      <symbol id="sm-70b">
         <name>IntEnable</name>
         <value>0x3835</value>
         <object_component_ref idref="oc-cd"/>
      </symbol>
      <symbol id="sm-70c">
         <name>IntRegister</name>
         <value>0x3ad9</value>
         <object_component_ref idref="oc-1b4"/>
      </symbol>
      <symbol id="sm-70d">
         <name>g_pfnRAMVectors</name>
         <value>0x20000000</value>
         <object_component_ref idref="oc-299"/>
      </symbol>
      <symbol id="sm-76a">
         <name>SysCtlClockSet</name>
         <value>0x3445</value>
         <object_component_ref idref="oc-1f2"/>
      </symbol>
      <symbol id="sm-76b">
         <name>SysCtlDelay</name>
         <value>0x3cb9</value>
         <object_component_ref idref="oc-2ac"/>
      </symbol>
      <symbol id="sm-76c">
         <name>SysCtlPeripheralEnable</name>
         <value>0x3b0d</value>
         <object_component_ref idref="oc-9d"/>
      </symbol>
      <symbol id="sm-76d">
         <name>SysCtlClockGet</name>
         <value>0x3225</value>
         <object_component_ref idref="oc-b5"/>
      </symbol>
      <symbol id="sm-76e">
         <name>SysCtlPeripheralReady</name>
         <value>0x3a69</value>
         <object_component_ref idref="oc-1f8"/>
      </symbol>
      <symbol id="sm-770">
         <name>__TI_static_base__</name>
         <value>0x0</value>
      </symbol>
      <symbol id="sm-773">
         <name>__mpu_init</name>
         <value>0x0</value>
      </symbol>
      <symbol id="sm-774">
         <name>_system_post_cinit</name>
         <value>0x0</value>
      </symbol>
   </symbol_table>
   <title>Link successful</title>
</link_info>
