******************************************************************************
                  TI ARM Linker PC v18.1.1                     
******************************************************************************
>> Linked Thu Jul  4 14:48:37 2019

OUTPUT FILE NAME:   <CAN_RTOS_Project.out>
ENTRY POINT SYMBOL: "_c_int00_noargs"  address: 000039ad


MEMORY CONFIGURATION

         name            origin    length      used     unused   attr    fill
----------------------  --------  ---------  --------  --------  ----  --------
  FLASH                 00000000   00040000  00003db0  0003c250  R  X
  SRAM                  20000000   00008000  00005402  00002bfe  RW X


SEGMENT ALLOCATION MAP

run origin  load origin   length   init length attrs members
----------  ----------- ---------- ----------- ----- -------
00000000    00000000    00003db0   00003db0    r-x
  00000000    00000000    0000026c   0000026c    r-- .intvecs
  0000026c    0000026c    00003960   00003960    r-x .text
  00003bcc    00003bcc    00000194   00000194    r-- .const
  00003d60    00003d60    00000050   00000050    r-- .cinit
20000000    20000000    00005402   00000000    rw-
  20000000    20000000    0000026c   00000000    rw- .vtable
  2000026c    2000026c    00004f4c   00000000    rw- .bss
  200051b8    200051b8    00000200   00000000    rw- .stack
  200053b8    200053b8    0000004a   00000000    rw- .data


SECTION ALLOCATION MAP

 output                                  attributes/
section   page    origin      length       input sections
--------  ----  ----------  ----------   ----------------
.intvecs   0    00000000    0000026c     
                  00000000    0000026c     tm4c123gh6pm_startup_ccs.obj (.intvecs)

.text      0    0000026c    00003960     
                  0000026c    00001b1c     tasks.obj (.text)
                  00001d88    00000cf8     queue.obj (.text)
                  00002a80    000001c4     port.obj (.text)
                  00002c44    00000148     main.obj (.text)
                  00002d8c    00000136     driverlib.lib : can.obj (.text:CANMessageSet)
                  00002ec2    00000002     --HOLE-- [fill = 0]
                  00002ec4    00000134     CAN_ECUAL.obj (.text)
                  00002ff8    00000132     driverlib.lib : gpio.obj (.text:GPIOPadConfigSet)
                  0000312a    00000132     list.obj (.text)
                  0000325c    00000110     driverlib.lib : sysctl.obj (.text:SysCtlClockGet)
                  0000336c    0000010e                   : can.obj (.text:CANMessageGet)
                  0000347a    00000002     --HOLE-- [fill = 0]
                  0000347c    000000da     portasm.obj (.text)
                  00003556    00000002     --HOLE-- [fill = 0]
                  00003558    0000009c     heap_1.obj (.text)
                  000035f4    0000009c     rtsv7M4_T_le_v4SPD16_eabi.lib : memcpy_t2.asm.obj (.text)
                  00003690    0000007a                                   : memset_t2.asm.obj (.text)
                  0000370a    00000002     --HOLE-- [fill = 0]
                  0000370c    0000006c     driverlib.lib : can.obj (.text:CANBitRateSet)
                  00003778    00000068                   : interrupt.obj (.text:IntEnable)
                  000037e0    00000068     rtsv7M4_T_le_v4SPD16_eabi.lib : copy_decompress_lzss.c.obj (.text:decompress:lzss:__TI_decompress_lzss)
                  00003848    0000005c     driverlib.lib : can.obj (.text:_CANIntNumberGet)
                  000038a4    00000048                   : gpio.obj (.text:GPIOPinConfigure)
                  000038ec    00000044     rtsv7M4_T_le_v4SPD16_eabi.lib : autoinit.c.obj (.text:__TI_auto_init_nobinit_nopinit:__TI_auto_init_nobinit_nopinit)
                  00003930    00000040     driverlib.lib : can.obj (.text:CANStatusGet)
                  00003970    0000003a                   : can.obj (.text:CANInit)
                  000039aa    00000002     --HOLE-- [fill = 0]
                  000039ac    00000038     rtsv7M4_T_le_v4SPD16_eabi.lib : boot_cortex_m.c.obj (.text:_c_int00_noargs:_c_int00_noargs)
                  000039e4    00000034     driverlib.lib : interrupt.obj (.text:IntRegister)
                  00003a18    00000034                   : sysctl.obj (.text:SysCtlPeripheralEnable)
                  00003a4c    0000002a                   : gpio.obj (.text:GPIODirModeSet)
                  00003a76    0000002a                   : can.obj (.text:_CANDataRegRead)
                  00003aa0    00000024                   : can.obj (.text:_CANDataRegWrite)
                  00003ac4    00000022                   : can.obj (.text:CANIntClear)
                  00003ae6    00000020                   : can.obj (.text:CANIntStatus)
                  00003b06    00000002     --HOLE-- [fill = 0]
                  00003b08    00000020     LED.obj (.text)
                  00003b28    0000001c     MCAL.obj (.text)
                  00003b44    00000018     driverlib.lib : can.obj (.text:CANIntRegister)
                  00003b5c    00000018                   : gpio.obj (.text:GPIOPinTypeGPIOOutput)
                  00003b74    00000012                   : gpio.obj (.text:GPIOPinTypeCAN)
                  00003b86    0000000e     rtsv7M4_T_le_v4SPD16_eabi.lib : copy_decompress_none.c.obj (.text:decompress:none:__TI_decompress_none)
                  00003b94    0000000c                                   : copy_zero_init.c.obj (.text:decompress:ZI:__TI_zero_init)
                  00003ba0    0000000c     tm4c123gh6pm_startup_ccs.obj (.text)
                  00003bac    0000000a     driverlib.lib : can.obj (.text:CANEnable)
                  00003bb6    00000008                   : can.obj (.text:CANIntEnable)
                  00003bbe    00000006                   : gpio.obj (.text:GPIOPinWrite)
                  00003bc4    00000004     rtsv7M4_T_le_v4SPD16_eabi.lib : pre_init.c.obj (.text:_system_pre_init)
                  00003bc8    00000004                                   : exit.c.obj (.text:abort:abort)

.const     0    00003bcc    00000194     
                  00003bcc    00000090     driverlib.lib : gpio.obj (.const:g_pui32GPIOBaseAddrs)
                  00003c5c    00000070                   : interrupt.obj (.const)
                  00003ccc    0000006c                   : sysctl.obj (.const:g_pui32Xtals)
                  00003d38    00000020                   : can.obj (.const)
                  00003d58    00000008     port.obj (.const)

.cinit     0    00003d60    00000050     
                  00003d60    00000017     (.cinit..data.load) [load image, compression = lzss]
                  00003d77    00000001     --HOLE-- [fill = 0]
                  00003d78    0000000c     (__TI_handler_table)
                  00003d84    00000004     --HOLE-- [fill = 0]
                  00003d88    00000008     (.cinit..bss.load) [load image, compression = zero_init]
                  00003d90    00000008     (.cinit..vtable.load) [load image, compression = zero_init]
                  00003d98    00000018     (__TI_cinit_table)

.init_array 
*          0    00000000    00000000     UNINITIALIZED

.vtable    0    20000000    0000026c     UNINITIALIZED
                  20000000    0000026c     driverlib.lib : interrupt.obj (.vtable)

.bss       0    2000026c    00004f4c     UNINITIALIZED
                  2000026c    00004e20     heap_1.obj (.bss:ucHeap)
                  2000508c    00000064     tasks.obj (.bss:pxReadyTasksLists)
                  200050f0    00000050     (.common:xQueueRegistry)
                  20005140    00000014     tasks.obj (.bss:xDelayedTaskList1)
                  20005154    00000014     tasks.obj (.bss:xDelayedTaskList2)
                  20005168    00000014     tasks.obj (.bss:xPendingReadyList)
                  2000517c    00000014     tasks.obj (.bss:xSuspendedTaskList)
                  20005190    00000014     tasks.obj (.bss:xTasksWaitingTermination)
                  200051a4    00000008     tasks.obj (.bss)
                  200051ac    00000004     (.common:xSemaphore_LED)
                  200051b0    00000004     (.common:xSemaphore_ready_state)
                  200051b4    00000004     (.common:xSemaphore_ready_to_send)

.data      0    200053b8    0000004a     UNINITIALIZED
                  200053b8    00000034     tasks.obj (.data)
                  200053ec    0000000c     port.obj (.data)
                  200053f8    00000008     heap_1.obj (.data)
                  20005400    00000002     CAN_ECUAL.obj (.data)

.stack     0    200051b8    00000200     UNINITIALIZED
                  200051b8    00000004     rtsv7M4_T_le_v4SPD16_eabi.lib : boot_cortex_m.c.obj (.stack)
                  200051bc    000001fc     --HOLE--

MODULE SUMMARY

       Module                         code    ro data   rw data
       ------                         ----    -------   -------
    .\
       tm4c123gh6pm_startup_ccs.obj   12      620       0      
       main.obj                       328     0         12     
    +--+------------------------------+-------+---------+---------+
       Total:                         340     620       12     
                                                               
    .\FreeRTOS\
       heap_1.obj                     156     0         20008  
       tasks.obj                      6940    0         260    
       queue.obj                      3320    0         80     
       port.obj                       452     8         12     
       list.obj                       306     0         0      
       portasm.obj                    218     0         0      
    +--+------------------------------+-------+---------+---------+
       Total:                         11392   8         20360  
                                                               
    .\HAL\
       CAN_ECUAL.obj                  308     0         2      
       LED.obj                        32      0         0      
    +--+------------------------------+-------+---------+---------+
       Total:                         340     0         2      
                                                               
    .\MCAL\
       MCAL.obj                       28      0         0      
    +--+------------------------------+-------+---------+---------+
       Total:                         28      0         0      
                                                               
    C:/ti/TivaWare_C_Series-2.1.4.178/driverlib/ccs/Debug/driverlib.lib
       can.obj                        1088    32        0      
       interrupt.obj                  156     112       620    
       gpio.obj                       468     144       0      
       sysctl.obj                     324     108       0      
    +--+------------------------------+-------+---------+---------+
       Total:                         2036    396       620    
                                                               
    C:\ti\ccsv8\tools\compiler\ti-cgt-arm_18.1.1.LTS\lib\rtsv7M4_T_le_v4SPD16_eabi.lib
       memcpy_t2.asm.obj              156     0         0      
       memset_t2.asm.obj              122     0         0      
       copy_decompress_lzss.c.obj     104     0         0      
       autoinit.c.obj                 68      0         0      
       boot_cortex_m.c.obj            56      0         0      
       copy_decompress_none.c.obj     14      0         0      
       copy_zero_init.c.obj           12      0         0      
       exit.c.obj                     4       0         0      
       pre_init.c.obj                 4       0         0      
    +--+------------------------------+-------+---------+---------+
       Total:                         540     0         0      
                                                               
       Stack:                         0       0         512    
       Linker Generated:              0       75        0      
    +--+------------------------------+-------+---------+---------+
       Grand Total:                   14676   1099      21506  


LINKER GENERATED COPY TABLES

__TI_cinit_table @ 00003d98 records: 3, size/record: 8, table size: 24
	.data: load addr=00003d60, load size=00000017 bytes, run addr=200053b8, run size=0000004a bytes, compression=lzss
	.bss: load addr=00003d88, load size=00000008 bytes, run addr=2000026c, run size=00004f4c bytes, compression=zero_init
	.vtable: load addr=00003d90, load size=00000008 bytes, run addr=20000000, run size=0000026c bytes, compression=zero_init


LINKER GENERATED HANDLER TABLE

__TI_handler_table @ 00003d78 records: 3, size/record: 4, table size: 12
	index: 0, handler: __TI_zero_init
	index: 1, handler: __TI_decompress_lzss
	index: 2, handler: __TI_decompress_none


GLOBAL SYMBOLS: SORTED ALPHABETICALLY BY Name 

address   name                               
-------   ----                               
00003bc9  C$$EXIT                            
00002ec5  CAN0Init                           
0000370d  CANBitRateSet                      
00003bad  CANEnable                          
00003971  CANInit                            
00003ac5  CANIntClear                        
00003bb7  CANIntEnable                       
00002f19  CANIntHandler                      
00003b45  CANIntRegister                     
00003ae7  CANIntStatus                       
0000336d  CANMessageGet                      
00002f5d  CANMessageInit                     
00002f89  CANMessageSendBuffer               
00002d8d  CANMessageSet                      
00002fa7  CANMessegeReceive                  
00003931  CANStatusGet                       
00002d0b  CAN_receive                        
00002d35  CAN_send                           
00003a4d  GPIODirModeSet                     
00002ff9  GPIOPadConfigSet                   
000038a5  GPIOPinConfigure                   
00003b75  GPIOPinTypeCAN                     
00003b5d  GPIOPinTypeGPIOOutput              
00003bbf  GPIOPinWrite                       
00003779  IntEnable                          
000039e5  IntRegister                        
00003ba1  ResetISR                           
0000325d  SysCtlClockGet                     
00003a19  SysCtlPeripheralEnable             
200053b8  __STACK_END                        
00000200  __STACK_SIZE                       
200053b8  __STACK_TOP                        
00003d98  __TI_CINIT_Base                    
00003db0  __TI_CINIT_Limit                   
00003d78  __TI_Handler_Table_Base            
00003d84  __TI_Handler_Table_Limit           
000038ed  __TI_auto_init_nobinit_nopinit     
000037e1  __TI_decompress_lzss               
00003b87  __TI_decompress_none               
ffffffff  __TI_pprof_out_hndl                
ffffffff  __TI_prof_data_size                
ffffffff  __TI_prof_data_start               
00000000  __TI_static_base__                 
00003b95  __TI_zero_init                     
00003691  __aeabi_memclr                     
00003691  __aeabi_memclr4                    
00003691  __aeabi_memclr8                    
000035f5  __aeabi_memcpy                     
000035f5  __aeabi_memcpy4                    
000035f5  __aeabi_memcpy8                    
00003693  __aeabi_memset                     
00003693  __aeabi_memset4                    
00003693  __aeabi_memset8                    
ffffffff  __binit__                          
ffffffff  __c_args__                         
UNDEFED   __mpu_init                         
200051b8  __stack                            
000039ad  _c_int00_noargs                    
UNDEFED   _system_post_cinit                 
00003bc5  _system_pre_init                   
00003bc9  abort                              
ffffffff  binit                              
00000605  eTaskGetState                      
20005401  errFlag                            
20000000  g_pfnRAMVectors                    
00000000  g_pfnVectors                       
00003b29  init                               
00002cc7  init_Task                          
00003b17  led_off                            
00003b09  led_on                             
00002c45  main                               
000035f5  memcpy                             
00003699  memset                             
000029f5  pcQueueGetName                     
00000c0b  pcTaskGetName                      
00003559  pvPortMalloc                       
00001879  pvTaskIncrementMutexHeldCount      
200053b8  pxCurrentTCB                       
00002a81  pxPortInitialiseStack              
20005400  rxFlag                             
0000274b  ucQueueGetQueueType                
00003d58  ulMaxSyscallInterruptPriority      
0000348d  ulPortGetIPSR                      
00001899  ulTaskNotifyTake                   
00003215  uxListRemove                       
0000272b  uxQueueGetQueueNumber              
000026c9  uxQueueMessagesWaiting             
000026ff  uxQueueMessagesWaitingFromISR      
000026df  uxQueueSpacesAvailable             
00000c05  uxTaskGetNumberOfTasks             
0000157d  uxTaskGetStackHighWaterMark        
00000d9d  uxTaskGetSystemState               
000012e7  uxTaskGetTaskNumber                
000006b1  uxTaskPriorityGet                  
000006e1  uxTaskPriorityGetFromISR           
0000184d  uxTaskResetEventItemValue          
0000312b  vListInitialise                    
0000315b  vListInitialiseItem                
000031a7  vListInsert                        
0000316b  vListInsertEnd                     
00003549  vPortEnableVFP                     
00002b7f  vPortEndScheduler                  
00002b81  vPortEnterCritical                 
00002ba1  vPortExitCritical                  
000035c9  vPortFree                          
000035d3  vPortInitialiseBlocks              
00003505  vPortSVCHandler                    
00002bdd  vPortSetupTimerInterrupt           
00003525  vPortStartFirstTask                
00002bf9  vPortValidateInterruptPriority     
000029b3  vQueueAddToRegistry                
00002715  vQueueDelete                       
00002739  vQueueSetQueueNumber               
00002a35  vQueueUnregisterQueue              
000005c1  vTaskDelay                         
00000513  vTaskDelayUntil                    
00000483  vTaskDelete                        
00000a9f  vTaskEndScheduler                  
000013e9  vTaskGetInfo                       
00001219  vTaskInternalSetTimeOutState       
00002cdb  vTaskLED                           
000012df  vTaskMissedYield                   
00001bcd  vTaskNotifyGiveFromISR             
000010a3  vTaskPlaceOnEventList              
000010c3  vTaskPlaceOnUnorderedEventList     
00001795  vTaskPriorityDisinheritAfterTimeout
00000731  vTaskPrioritySet                   
00001189  vTaskRemoveFromUnorderedEventList  
00000939  vTaskResume                        
00001307  vTaskSetTaskNumber                 
000011f1  vTaskSetTimeOutState               
00000a55  vTaskStartScheduler                
00000845  vTaskSuspend                       
00000abb  vTaskSuspendAll                    
0000101d  vTaskSwitchContext                 
000035db  xPortGetFreeHeapSize               
000034a5  xPortPendSVHandler                 
00002aeb  xPortStartScheduler                
00002bb7  xPortSysTickHandler                
00001f97  xQueueCreateCountingSemaphore      
00001ee7  xQueueCreateMutex                  
00001e29  xQueueGenericCreate                
00001d89  xQueueGenericReset                 
00001fb7  xQueueGenericSend                  
000020eb  xQueueGenericSendFromISR           
0000218b  xQueueGiveFromISR                  
00001f13  xQueueGiveMutexRecursive           
00002947  xQueueIsQueueEmptyFromISR          
0000298d  xQueueIsQueueFullFromISR           
000024ab  xQueuePeek                         
00002673  xQueuePeekFromISR                  
00002223  xQueueReceive                      
000025d5  xQueueReceiveFromISR               
200050f0  xQueueRegistry                     
00002349  xQueueSemaphoreTake                
00001f4f  xQueueTakeMutexRecursive           
200051ac  xSemaphore_LED                     
200051b0  xSemaphore_ready_state             
200051b4  xSemaphore_ready_to_send           
00000e7d  xTaskAbortDelay                    
00001239  xTaskCheckForTimeOut               
0000026d  xTaskCreate                        
000019cb  xTaskGenericNotify                 
00001abd  xTaskGenericNotifyFromISR          
000015f5  xTaskGetCurrentTaskHandle          
00000d11  xTaskGetHandle                     
00000e6f  xTaskGetIdleTaskHandle             
00001621  xTaskGetSchedulerState             
00000bb9  xTaskGetTickCount                  
00000bd1  xTaskGetTickCountFromISR           
00000f09  xTaskIncrementTick                 
00001c81  xTaskNotifyStateClear              
00001921  xTaskNotifyWait                    
0000170f  xTaskPriorityDisinherit            
00001651  xTaskPriorityInherit               
000010f9  xTaskRemoveFromEventList           
00000ad1  xTaskResumeAll                     
000009b7  xTaskResumeFromISR                 


GLOBAL SYMBOLS: SORTED BY Symbol Address 

address   name                               
-------   ----                               
00000000  __TI_static_base__                 
00000000  g_pfnVectors                       
00000200  __STACK_SIZE                       
0000026d  xTaskCreate                        
00000483  vTaskDelete                        
00000513  vTaskDelayUntil                    
000005c1  vTaskDelay                         
00000605  eTaskGetState                      
000006b1  uxTaskPriorityGet                  
000006e1  uxTaskPriorityGetFromISR           
00000731  vTaskPrioritySet                   
00000845  vTaskSuspend                       
00000939  vTaskResume                        
000009b7  xTaskResumeFromISR                 
00000a55  vTaskStartScheduler                
00000a9f  vTaskEndScheduler                  
00000abb  vTaskSuspendAll                    
00000ad1  xTaskResumeAll                     
00000bb9  xTaskGetTickCount                  
00000bd1  xTaskGetTickCountFromISR           
00000c05  uxTaskGetNumberOfTasks             
00000c0b  pcTaskGetName                      
00000d11  xTaskGetHandle                     
00000d9d  uxTaskGetSystemState               
00000e6f  xTaskGetIdleTaskHandle             
00000e7d  xTaskAbortDelay                    
00000f09  xTaskIncrementTick                 
0000101d  vTaskSwitchContext                 
000010a3  vTaskPlaceOnEventList              
000010c3  vTaskPlaceOnUnorderedEventList     
000010f9  xTaskRemoveFromEventList           
00001189  vTaskRemoveFromUnorderedEventList  
000011f1  vTaskSetTimeOutState               
00001219  vTaskInternalSetTimeOutState       
00001239  xTaskCheckForTimeOut               
000012df  vTaskMissedYield                   
000012e7  uxTaskGetTaskNumber                
00001307  vTaskSetTaskNumber                 
000013e9  vTaskGetInfo                       
0000157d  uxTaskGetStackHighWaterMark        
000015f5  xTaskGetCurrentTaskHandle          
00001621  xTaskGetSchedulerState             
00001651  xTaskPriorityInherit               
0000170f  xTaskPriorityDisinherit            
00001795  vTaskPriorityDisinheritAfterTimeout
0000184d  uxTaskResetEventItemValue          
00001879  pvTaskIncrementMutexHeldCount      
00001899  ulTaskNotifyTake                   
00001921  xTaskNotifyWait                    
000019cb  xTaskGenericNotify                 
00001abd  xTaskGenericNotifyFromISR          
00001bcd  vTaskNotifyGiveFromISR             
00001c81  xTaskNotifyStateClear              
00001d89  xQueueGenericReset                 
00001e29  xQueueGenericCreate                
00001ee7  xQueueCreateMutex                  
00001f13  xQueueGiveMutexRecursive           
00001f4f  xQueueTakeMutexRecursive           
00001f97  xQueueCreateCountingSemaphore      
00001fb7  xQueueGenericSend                  
000020eb  xQueueGenericSendFromISR           
0000218b  xQueueGiveFromISR                  
00002223  xQueueReceive                      
00002349  xQueueSemaphoreTake                
000024ab  xQueuePeek                         
000025d5  xQueueReceiveFromISR               
00002673  xQueuePeekFromISR                  
000026c9  uxQueueMessagesWaiting             
000026df  uxQueueSpacesAvailable             
000026ff  uxQueueMessagesWaitingFromISR      
00002715  vQueueDelete                       
0000272b  uxQueueGetQueueNumber              
00002739  vQueueSetQueueNumber               
0000274b  ucQueueGetQueueType                
00002947  xQueueIsQueueEmptyFromISR          
0000298d  xQueueIsQueueFullFromISR           
000029b3  vQueueAddToRegistry                
000029f5  pcQueueGetName                     
00002a35  vQueueUnregisterQueue              
00002a81  pxPortInitialiseStack              
00002aeb  xPortStartScheduler                
00002b7f  vPortEndScheduler                  
00002b81  vPortEnterCritical                 
00002ba1  vPortExitCritical                  
00002bb7  xPortSysTickHandler                
00002bdd  vPortSetupTimerInterrupt           
00002bf9  vPortValidateInterruptPriority     
00002c45  main                               
00002cc7  init_Task                          
00002cdb  vTaskLED                           
00002d0b  CAN_receive                        
00002d35  CAN_send                           
00002d8d  CANMessageSet                      
00002ec5  CAN0Init                           
00002f19  CANIntHandler                      
00002f5d  CANMessageInit                     
00002f89  CANMessageSendBuffer               
00002fa7  CANMessegeReceive                  
00002ff9  GPIOPadConfigSet                   
0000312b  vListInitialise                    
0000315b  vListInitialiseItem                
0000316b  vListInsertEnd                     
000031a7  vListInsert                        
00003215  uxListRemove                       
0000325d  SysCtlClockGet                     
0000336d  CANMessageGet                      
0000348d  ulPortGetIPSR                      
000034a5  xPortPendSVHandler                 
00003505  vPortSVCHandler                    
00003525  vPortStartFirstTask                
00003549  vPortEnableVFP                     
00003559  pvPortMalloc                       
000035c9  vPortFree                          
000035d3  vPortInitialiseBlocks              
000035db  xPortGetFreeHeapSize               
000035f5  __aeabi_memcpy                     
000035f5  __aeabi_memcpy4                    
000035f5  __aeabi_memcpy8                    
000035f5  memcpy                             
00003691  __aeabi_memclr                     
00003691  __aeabi_memclr4                    
00003691  __aeabi_memclr8                    
00003693  __aeabi_memset                     
00003693  __aeabi_memset4                    
00003693  __aeabi_memset8                    
00003699  memset                             
0000370d  CANBitRateSet                      
00003779  IntEnable                          
000037e1  __TI_decompress_lzss               
000038a5  GPIOPinConfigure                   
000038ed  __TI_auto_init_nobinit_nopinit     
00003931  CANStatusGet                       
00003971  CANInit                            
000039ad  _c_int00_noargs                    
000039e5  IntRegister                        
00003a19  SysCtlPeripheralEnable             
00003a4d  GPIODirModeSet                     
00003ac5  CANIntClear                        
00003ae7  CANIntStatus                       
00003b09  led_on                             
00003b17  led_off                            
00003b29  init                               
00003b45  CANIntRegister                     
00003b5d  GPIOPinTypeGPIOOutput              
00003b75  GPIOPinTypeCAN                     
00003b87  __TI_decompress_none               
00003b95  __TI_zero_init                     
00003ba1  ResetISR                           
00003bad  CANEnable                          
00003bb7  CANIntEnable                       
00003bbf  GPIOPinWrite                       
00003bc5  _system_pre_init                   
00003bc9  C$$EXIT                            
00003bc9  abort                              
00003d58  ulMaxSyscallInterruptPriority      
00003d78  __TI_Handler_Table_Base            
00003d84  __TI_Handler_Table_Limit           
00003d98  __TI_CINIT_Base                    
00003db0  __TI_CINIT_Limit                   
20000000  g_pfnRAMVectors                    
200050f0  xQueueRegistry                     
200051ac  xSemaphore_LED                     
200051b0  xSemaphore_ready_state             
200051b4  xSemaphore_ready_to_send           
200051b8  __stack                            
200053b8  __STACK_END                        
200053b8  __STACK_TOP                        
200053b8  pxCurrentTCB                       
20005400  rxFlag                             
20005401  errFlag                            
ffffffff  __TI_pprof_out_hndl                
ffffffff  __TI_prof_data_size                
ffffffff  __TI_prof_data_start               
ffffffff  __binit__                          
ffffffff  __c_args__                         
ffffffff  binit                              
UNDEFED   __mpu_init                         
UNDEFED   _system_post_cinit                 

[178 symbols]
